  warning: 7 .sql file(s) contributed nothing to the graph because a dependency is missing: tree_sitter_sql not installed. Install it with: pip install "graphifyy[sql]" (#1745)
  warning: 149 file(s) had syntax errors and may be partially extracted: harness/CoverageHost.svelte (first error at line 1, 1 symbol(s) extracted), harness/DevmapHost.svelte (first error at line 1, 8 symbol(s) extracted), harness/DiagnosticsHost.svelte (first error at line 1, no symbols extracted), harness/LoopCanary.svelte (first error at line 1, no symbols extracted), harness/OnboardingHost.svelte (first error at line 4, 3 symbol(s) extracted) (+144 more)
       12.02 real        19.43 user         7.51 sys
           693075968  maximum resident set size
                   0  average shared memory size
                   0  average unshared data size
                   0  average unshared stack size
              178139  page reclaims
                1062  page faults
                   0  swaps
                   0  block input operations
                   0  block output operations
                   0  messages sent
                   0  messages received
                   0  signals received
                2658  voluntary context switches
               96626  involuntary context switches
        196015815394  instructions retired
         46843319220  cycles elapsed
           679396576  peak memory footprint
