  warning: 7 .sql file(s) contributed nothing to the graph because a dependency is missing: tree_sitter_sql not installed. Install it with: pip install "graphifyy[sql]" (#1745)
  warning: 149 file(s) had syntax errors and may be partially extracted: harness/CoverageHost.svelte (first error at line 1, 1 symbol(s) extracted), harness/DevmapHost.svelte (first error at line 1, 8 symbol(s) extracted), harness/DiagnosticsHost.svelte (first error at line 1, no symbols extracted), harness/LoopCanary.svelte (first error at line 1, no symbols extracted), harness/OnboardingHost.svelte (first error at line 4, 3 symbol(s) extracted) (+144 more)
       14.95 real        21.25 user         8.51 sys
           692994048  maximum resident set size
                   0  average shared memory size
                   0  average unshared data size
                   0  average unshared stack size
              178630  page reclaims
                1691  page faults
                   0  swaps
                   0  block input operations
                   0  block output operations
                   0  messages sent
                   0  messages received
                   0  signals received
                3036  voluntary context switches
              136780  involuntary context switches
        197321596712  instructions retired
         54049317050  cycles elapsed
           679331064  peak memory footprint
