[
  {
    "node": {
      "id": "variable:a7c48305687cdd03a46211c8af314838",
      "kind": "variable",
      "name": "argv",
      "qualifiedName": "argv",
      "filePath": "benchmarks/results/competition/20260912-expanded/final_checks.py",
      "language": "python",
      "startLine": 18,
      "endLine": 18,
      "startColumn": 0,
      "endColumn": 117,
      "signature": "= [B['gitnexus'],'context','devmap_competition_revision_3','-r',str(roots['gitnexus']),'-f','benchmark...",
      "visibility": null,
      "isExported": false,
      "isAsync": false,
      "isStatic": false,
      "isAbstract": false,
      "updatedAt": 1789389384195
    },
    "score": 4.712022384908847
  },
  {
    "node": {
      "id": "variable:49f3de0761ad6afe1b22c413fcbd98f7",
      "kind": "variable",
      "name": "argv",
      "qualifiedName": "argv",
      "filePath": "benchmarks/results/competition/20260913-48cd3c7/final_checks.py",
      "language": "python",
      "startLine": 18,
      "endLine": 18,
      "startColumn": 0,
      "endColumn": 117,
      "signature": "= [B['gitnexus'],'context','devmap_competition_revision_3','-r',str(roots['gitnexus']),'-f','benchmark...",
      "visibility": null,
      "isExported": false,
      "isAsync": false,
      "isStatic": false,
      "isAbstract": false,
      "updatedAt": 1789389384202
    },
    "score": 4.712022384908847
  },
  {
    "node": {
      "id": "variable:d2b598a012b504161fbb85a233fcf370",
      "kind": "variable",
      "name": "argv",
      "qualifiedName": "argv",
      "filePath": "benchmarks/results/competition/20260913-v0.2.1/final_checks.py",
      "language": "python",
      "startLine": 18,
      "endLine": 18,
      "startColumn": 0,
      "endColumn": 117,
      "signature": "= [B['gitnexus'],'context','devmap_competition_revision_3','-r',str(roots['gitnexus']),'-f','benchmark...",
      "visibility": null,
      "isExported": false,
      "isAsync": false,
      "isStatic": false,
      "isAbstract": false,
      "updatedAt": 1789389384206
    },
    "score": 4.712022384908847
  }
]
