{
  "duration_ms": 404,
  "edge_count": 278303,
  "file_count": 1436,
  "full_retrack": false,
  "node_count": 40690,
  "result": {
    "derived_invalidation": {
      "files": [
        "devcouncil-bench/benchmarks/tasks.py"
      ],
      "flags": 1,
      "type_ids": [
        "devcouncil-bench/annotation::python::dataclass",
        "devcouncil-bench/benchmarks/tasks.py::Task"
      ]
    },
    "duration_ms": 404,
    "edge_count": 278303,
    "file_count": 1436,
    "node_count": 40690,
    "stale_file_count": 1
  },
  "scope": "repository",
  "stale_file_count": 1
}
