{
  "query_class": "symbol",
  "results": [
    {
      "absolute_file_path": "/Users/bharath/Code/devtools/DevCouncil/.devcouncil/benchmarks/20260914-v0.2.2/sem/gortex-DevCouncil/benchmarks/map_bench.py",
      "doc": "Count tracked files and code files so throughput has a denominator.",
      "file_path": "devcouncil-bench/benchmarks/map_bench.py",
      "id": "devcouncil-bench/benchmarks/map_bench.py::describe_corpus",
      "kind": "function",
      "name": "describe_corpus",
      "project_id": "devcouncil-bench",
      "repo_prefix": "devcouncil-bench",
      "start_line": 240,
      "visibility": "public",
      "workspace_id": "devcouncil-bench"
    },
    {
      "absolute_file_path": "/Users/bharath/Code/devtools/DevCouncil/.devcouncil/benchmarks/20260914-v0.2.2/sem/gortex-DevCouncil/benchmarks/results/competition/20260912-52d63a1a/artifact-sha256.json",
      "file_path": "devcouncil-bench/benchmarks/results/competition/20260912-52d63a1a/artifact-sha256.json",
      "id": "devcouncil-bench/benchmarks/results/competition/20260912-52d63a1a/artifact-sha256.json::context-devmap-describe_corpus-1.stderr",
      "kind": "variable",
      "name": "context-devmap-describe_corpus-1.stderr",
      "project_id": "devcouncil-bench",
      "repo_prefix": "devcouncil-bench",
      "start_line": 30,
      "workspace_id": "devcouncil-bench"
    },
    {
      "absolute_file_path": "/Users/bharath/Code/devtools/DevCouncil/.devcouncil/benchmarks/20260914-v0.2.2/sem/gortex-DevCouncil/benchmarks/results/competition/20260912-52d63a1a/artifact-sha256.json",
      "file_path": "devcouncil-bench/benchmarks/results/competition/20260912-52d63a1a/artifact-sha256.json",
      "id": "devcouncil-bench/benchmarks/results/competition/20260912-52d63a1a/artifact-sha256.json::context-devmap-describe_corpus-2.stderr",
      "kind": "variable",
      "name": "context-devmap-describe_corpus-2.stderr",
      "project_id": "devcouncil-bench",
      "repo_prefix": "devcouncil-bench",
      "start_line": 32,
      "workspace_id": "devcouncil-bench"
    },
    {
      "absolute_file_path": "/Users/bharath/Code/devtools/DevCouncil/.devcouncil/benchmarks/20260914-v0.2.2/sem/gortex-DevCouncil/benchmarks/results/competition/20260912-52d63a1a/artifact-sha256.json",
      "file_path": "devcouncil-bench/benchmarks/results/competition/20260912-52d63a1a/artifact-sha256.json",
      "id": "devcouncil-bench/benchmarks/results/competition/20260912-52d63a1a/artifact-sha256.json::context-devmap-describe_corpus-1.stdout",
      "kind": "variable",
      "name": "context-devmap-describe_corpus-1.stdout",
      "project_id": "devcouncil-bench",
      "repo_prefix": "devcouncil-bench",
      "start_line": 31,
      "workspace_id": "devcouncil-bench"
    },
    {
      "absolute_file_path": "/Users/bharath/Code/devtools/DevCouncil/.devcouncil/benchmarks/20260914-v0.2.2/sem/gortex-DevCouncil/benchmarks/results/competition/20260912-52d63a1a/artifact-sha256.json",
      "file_path": "devcouncil-bench/benchmarks/results/competition/20260912-52d63a1a/artifact-sha256.json",
      "id": "devcouncil-bench/benchmarks/results/competition/20260912-52d63a1a/artifact-sha256.json::context-devmap-describe_corpus-3.stderr",
      "kind": "variable",
      "name": "context-devmap-describe_corpus-3.stderr",
      "project_id": "devcouncil-bench",
      "repo_prefix": "devcouncil-bench",
      "start_line": 34,
      "workspace_id": "devcouncil-bench"
    },
    {
      "absolute_file_path": "/Users/bharath/Code/devtools/DevCouncil/.devcouncil/benchmarks/20260914-v0.2.2/sem/gortex-DevCouncil/benchmarks/results/competition/20260912-52d63a1a/artifact-sha256.json",
      "file_path": "devcouncil-bench/benchmarks/results/competition/20260912-52d63a1a/artifact-sha256.json",
      "id": "devcouncil-bench/benchmarks/results/competition/20260912-52d63a1a/artifact-sha256.json::context-devmap-describe_corpus-2.stdout",
      "kind": "variable",
      "name": "context-devmap-describe_corpus-2.stdout",
      "project_id": "devcouncil-bench",
      "repo_prefix": "devcouncil-bench",
      "start_line": 33,
      "workspace_id": "devcouncil-bench"
    },
    {
      "absolute_file_path": "/Users/bharath/Code/devtools/DevCouncil/.devcouncil/benchmarks/20260914-v0.2.2/sem/gortex-DevCouncil/benchmarks/results/competition/20260912-52d63a1a/artifact-sha256.json",
      "file_path": "devcouncil-bench/benchmarks/results/competition/20260912-52d63a1a/artifact-sha256.json",
      "id": "devcouncil-bench/benchmarks/results/competition/20260912-52d63a1a/artifact-sha256.json::context-devmap-describe_corpus-4.stderr",
      "kind": "variable",
      "name": "context-devmap-describe_corpus-4.stderr",
      "project_id": "devcouncil-bench",
      "repo_prefix": "devcouncil-bench",
      "start_line": 36,
      "workspace_id": "devcouncil-bench"
    },
    {
      "absolute_file_path": "/Users/bharath/Code/devtools/DevCouncil/.devcouncil/benchmarks/20260914-v0.2.2/sem/gortex-DevCouncil/benchmarks/results/competition/20260912-52d63a1a/artifact-sha256.json",
      "file_path": "devcouncil-bench/benchmarks/results/competition/20260912-52d63a1a/artifact-sha256.json",
      "id": "devcouncil-bench/benchmarks/results/competition/20260912-52d63a1a/artifact-sha256.json::context-devmap-describe_corpus-3.stdout",
      "kind": "variable",
      "name": "context-devmap-describe_corpus-3.stdout",
      "project_id": "devcouncil-bench",
      "repo_prefix": "devcouncil-bench",
      "start_line": 35,
      "workspace_id": "devcouncil-bench"
    },
    {
      "absolute_file_path": "/Users/bharath/Code/devtools/DevCouncil/.devcouncil/benchmarks/20260914-v0.2.2/sem/gortex-DevCouncil/benchmarks/results/competition/20260912-52d63a1a/artifact-sha256.json",
      "file_path": "devcouncil-bench/benchmarks/results/competition/20260912-52d63a1a/artifact-sha256.json",
      "id": "devcouncil-bench/benchmarks/results/competition/20260912-52d63a1a/artifact-sha256.json::context-gitnexus-describe_corpus-1.stderr",
      "kind": "variable",
      "name": "context-gitnexus-describe_corpus-1.stderr",
      "project_id": "devcouncil-bench",
      "repo_prefix": "devcouncil-bench",
      "start_line": 60,
      "workspace_id": "devcouncil-bench"
    },
    {
      "absolute_file_path": "/Users/bharath/Code/devtools/DevCouncil/.devcouncil/benchmarks/20260914-v0.2.2/sem/gortex-DevCouncil/benchmarks/results/competition/20260912-52d63a1a/artifact-sha256.json",
      "file_path": "devcouncil-bench/benchmarks/results/competition/20260912-52d63a1a/artifact-sha256.json",
      "id": "devcouncil-bench/benchmarks/results/competition/20260912-52d63a1a/artifact-sha256.json::context-devmap-describe_corpus-4.stdout",
      "kind": "variable",
      "name": "context-devmap-describe_corpus-4.stdout",
      "project_id": "devcouncil-bench",
      "repo_prefix": "devcouncil-bench",
      "start_line": 37,
      "workspace_id": "devcouncil-bench"
    },
    {
      "absolute_file_path": "/Users/bharath/Code/devtools/DevCouncil/.devcouncil/benchmarks/20260914-v0.2.2/sem/gortex-DevCouncil/benchmarks/results/competition/20260912-52d63a1a/artifact-sha256.json",
      "file_path": "devcouncil-bench/benchmarks/results/competition/20260912-52d63a1a/artifact-sha256.json",
      "id": "devcouncil-bench/benchmarks/results/competition/20260912-52d63a1a/artifact-sha256.json::context-devmap-describe_corpus-5.stderr",
      "kind": "variable",
      "name": "context-devmap-describe_corpus-5.stderr",
      "project_id": "devcouncil-bench",
      "repo_prefix": "devcouncil-bench",
      "start_line": 38,
      "workspace_id": "devcouncil-bench"
    },
    {
      "absolute_file_path": "/Users/bharath/Code/devtools/DevCouncil/.devcouncil/benchmarks/20260914-v0.2.2/sem/gortex-DevCouncil/benchmarks/results/competition/20260912-52d63a1a/artifact-sha256.json",
      "file_path": "devcouncil-bench/benchmarks/results/competition/20260912-52d63a1a/artifact-sha256.json",
      "id": "devcouncil-bench/benchmarks/results/competition/20260912-52d63a1a/artifact-sha256.json::context-gitnexus-describe_corpus-2.stderr",
      "kind": "variable",
      "name": "context-gitnexus-describe_corpus-2.stderr",
      "project_id": "devcouncil-bench",
      "repo_prefix": "devcouncil-bench",
      "start_line": 62,
      "workspace_id": "devcouncil-bench"
    },
    {
      "absolute_file_path": "/Users/bharath/Code/devtools/DevCouncil/.devcouncil/benchmarks/20260914-v0.2.2/sem/gortex-DevCouncil/benchmarks/results/competition/20260912-52d63a1a/artifact-sha256.json",
      "file_path": "devcouncil-bench/benchmarks/results/competition/20260912-52d63a1a/artifact-sha256.json",
      "id": "devcouncil-bench/benchmarks/results/competition/20260912-52d63a1a/artifact-sha256.json::context-gitnexus-describe_corpus-1.stdout",
      "kind": "variable",
      "name": "context-gitnexus-describe_corpus-1.stdout",
      "project_id": "devcouncil-bench",
      "repo_prefix": "devcouncil-bench",
      "start_line": 61,
      "workspace_id": "devcouncil-bench"
    },
    {
      "absolute_file_path": "/Users/bharath/Code/devtools/DevCouncil/.devcouncil/benchmarks/20260914-v0.2.2/sem/gortex-DevCouncil/benchmarks/results/competition/20260912-52d63a1a/artifact-sha256.json",
      "file_path": "devcouncil-bench/benchmarks/results/competition/20260912-52d63a1a/artifact-sha256.json",
      "id": "devcouncil-bench/benchmarks/results/competition/20260912-52d63a1a/artifact-sha256.json::context-gitnexus-describe_corpus-3.stderr",
      "kind": "variable",
      "name": "context-gitnexus-describe_corpus-3.stderr",
      "project_id": "devcouncil-bench",
      "repo_prefix": "devcouncil-bench",
      "start_line": 64,
      "workspace_id": "devcouncil-bench"
    },
    {
      "absolute_file_path": "/Users/bharath/Code/devtools/DevCouncil/.devcouncil/benchmarks/20260914-v0.2.2/sem/gortex-DevCouncil/benchmarks/results/competition/20260912-52d63a1a/artifact-sha256.json",
      "file_path": "devcouncil-bench/benchmarks/results/competition/20260912-52d63a1a/artifact-sha256.json",
      "id": "devcouncil-bench/benchmarks/results/competition/20260912-52d63a1a/artifact-sha256.json::context-devmap-describe_corpus-5.stdout",
      "kind": "variable",
      "name": "context-devmap-describe_corpus-5.stdout",
      "project_id": "devcouncil-bench",
      "repo_prefix": "devcouncil-bench",
      "start_line": 39,
      "workspace_id": "devcouncil-bench"
    },
    {
      "absolute_file_path": "/Users/bharath/Code/devtools/DevCouncil/.devcouncil/benchmarks/20260914-v0.2.2/sem/gortex-DevCouncil/benchmarks/results/competition/20260912-52d63a1a/artifact-sha256.json",
      "file_path": "devcouncil-bench/benchmarks/results/competition/20260912-52d63a1a/artifact-sha256.json",
      "id": "devcouncil-bench/benchmarks/results/competition/20260912-52d63a1a/artifact-sha256.json::context-gitnexus-describe_corpus-2.stdout",
      "kind": "variable",
      "name": "context-gitnexus-describe_corpus-2.stdout",
      "project_id": "devcouncil-bench",
      "repo_prefix": "devcouncil-bench",
      "start_line": 63,
      "workspace_id": "devcouncil-bench"
    },
    {
      "absolute_file_path": "/Users/bharath/Code/devtools/DevCouncil/.devcouncil/benchmarks/20260914-v0.2.2/sem/gortex-DevCouncil/benchmarks/results/competition/20260912-52d63a1a/artifact-sha256.json",
      "file_path": "devcouncil-bench/benchmarks/results/competition/20260912-52d63a1a/artifact-sha256.json",
      "id": "devcouncil-bench/benchmarks/results/competition/20260912-52d63a1a/artifact-sha256.json::context-gitnexus-describe_corpus-4.stderr",
      "kind": "variable",
      "name": "context-gitnexus-describe_corpus-4.stderr",
      "project_id": "devcouncil-bench",
      "repo_prefix": "devcouncil-bench",
      "start_line": 66,
      "workspace_id": "devcouncil-bench"
    },
    {
      "absolute_file_path": "/Users/bharath/Code/devtools/DevCouncil/.devcouncil/benchmarks/20260914-v0.2.2/sem/gortex-DevCouncil/benchmarks/results/competition/20260912-52d63a1a/artifact-sha256.json",
      "file_path": "devcouncil-bench/benchmarks/results/competition/20260912-52d63a1a/artifact-sha256.json",
      "id": "devcouncil-bench/benchmarks/results/competition/20260912-52d63a1a/artifact-sha256.json::context-gitnexus-describe_corpus-3.stdout",
      "kind": "variable",
      "name": "context-gitnexus-describe_corpus-3.stdout",
      "project_id": "devcouncil-bench",
      "repo_prefix": "devcouncil-bench",
      "start_line": 65,
      "workspace_id": "devcouncil-bench"
    },
    {
      "absolute_file_path": "/Users/bharath/Code/devtools/DevCouncil/.devcouncil/benchmarks/20260914-v0.2.2/sem/gortex-DevCouncil/benchmarks/results/competition/20260912-52d63a1a/artifact-sha256.json",
      "file_path": "devcouncil-bench/benchmarks/results/competition/20260912-52d63a1a/artifact-sha256.json",
      "id": "devcouncil-bench/benchmarks/results/competition/20260912-52d63a1a/artifact-sha256.json::context-gitnexus-describe_corpus-5.stderr",
      "kind": "variable",
      "name": "context-gitnexus-describe_corpus-5.stderr",
      "project_id": "devcouncil-bench",
      "repo_prefix": "devcouncil-bench",
      "start_line": 68,
      "workspace_id": "devcouncil-bench"
    },
    {
      "absolute_file_path": "/Users/bharath/Code/devtools/DevCouncil/.devcouncil/benchmarks/20260914-v0.2.2/sem/gortex-DevCouncil/benchmarks/results/competition/20260912-52d63a1a/artifact-sha256.json",
      "file_path": "devcouncil-bench/benchmarks/results/competition/20260912-52d63a1a/artifact-sha256.json",
      "id": "devcouncil-bench/benchmarks/results/competition/20260912-52d63a1a/artifact-sha256.json::context-gitnexus-describe_corpus-4.stdout",
      "kind": "variable",
      "name": "context-gitnexus-describe_corpus-4.stdout",
      "project_id": "devcouncil-bench",
      "repo_prefix": "devcouncil-bench",
      "start_line": 67,
      "workspace_id": "devcouncil-bench"
    },
    {
      "absolute_file_path": "/Users/bharath/Code/devtools/DevCouncil/.devcouncil/benchmarks/20260914-v0.2.2/sem/gortex-DevCouncil/benchmarks/results/competition/20260912-52d63a1a/artifact-sha256.json",
      "file_path": "devcouncil-bench/benchmarks/results/competition/20260912-52d63a1a/artifact-sha256.json",
      "id": "devcouncil-bench/benchmarks/results/competition/20260912-52d63a1a/artifact-sha256.json::context-gitnexus-describe_corpus-5.stdout",
      "kind": "variable",
      "name": "context-gitnexus-describe_corpus-5.stdout",
      "project_id": "devcouncil-bench",
      "repo_prefix": "devcouncil-bench",
      "start_line": 69,
      "workspace_id": "devcouncil-bench"
    },
    {
      "absolute_file_path": "/Users/bharath/Code/devtools/DevCouncil/.devcouncil/benchmarks/20260914-v0.2.2/sem/gortex-DevCouncil/benchmarks/results/competition/20260912-52d63a1a/artifact-sha256.json",
      "file_path": "devcouncil-bench/benchmarks/results/competition/20260912-52d63a1a/artifact-sha256.json",
      "id": "devcouncil-bench/benchmarks/results/competition/20260912-52d63a1a/artifact-sha256.json::impact-devmap-describe_corpus-1.stderr",
      "kind": "variable",
      "name": "impact-devmap-describe_corpus-1.stderr",
      "project_id": "devcouncil-bench",
      "repo_prefix": "devcouncil-bench",
      "start_line": 112,
      "workspace_id": "devcouncil-bench"
    },
    {
      "absolute_file_path": "/Users/bharath/Code/devtools/DevCouncil/.devcouncil/benchmarks/20260914-v0.2.2/sem/gortex-DevCouncil/benchmarks/results/competition/20260912-52d63a1a/artifact-sha256.json",
      "file_path": "devcouncil-bench/benchmarks/results/competition/20260912-52d63a1a/artifact-sha256.json",
      "id": "devcouncil-bench/benchmarks/results/competition/20260912-52d63a1a/artifact-sha256.json::impact-devmap-describe_corpus-2.stderr",
      "kind": "variable",
      "name": "impact-devmap-describe_corpus-2.stderr",
      "project_id": "devcouncil-bench",
      "repo_prefix": "devcouncil-bench",
      "start_line": 114,
      "workspace_id": "devcouncil-bench"
    },
    {
      "absolute_file_path": "/Users/bharath/Code/devtools/DevCouncil/.devcouncil/benchmarks/20260914-v0.2.2/sem/gortex-DevCouncil/benchmarks/results/competition/20260912-52d63a1a/artifact-sha256.json",
      "file_path": "devcouncil-bench/benchmarks/results/competition/20260912-52d63a1a/artifact-sha256.json",
      "id": "devcouncil-bench/benchmarks/results/competition/20260912-52d63a1a/artifact-sha256.json::impact-devmap-describe_corpus-1.stdout",
      "kind": "variable",
      "name": "impact-devmap-describe_corpus-1.stdout",
      "project_id": "devcouncil-bench",
      "repo_prefix": "devcouncil-bench",
      "start_line": 113,
      "workspace_id": "devcouncil-bench"
    },
    {
      "absolute_file_path": "/Users/bharath/Code/devtools/DevCouncil/.devcouncil/benchmarks/20260914-v0.2.2/sem/gortex-DevCouncil/benchmarks/results/competition/20260912-52d63a1a/artifact-sha256.json",
      "file_path": "devcouncil-bench/benchmarks/results/competition/20260912-52d63a1a/artifact-sha256.json",
      "id": "devcouncil-bench/benchmarks/results/competition/20260912-52d63a1a/artifact-sha256.json::impact-devmap-describe_corpus-3.stderr",
      "kind": "variable",
      "name": "impact-devmap-describe_corpus-3.stderr",
      "project_id": "devcouncil-bench",
      "repo_prefix": "devcouncil-bench",
      "start_line": 116,
      "workspace_id": "devcouncil-bench"
    },
    {
      "absolute_file_path": "/Users/bharath/Code/devtools/DevCouncil/.devcouncil/benchmarks/20260914-v0.2.2/sem/gortex-DevCouncil/benchmarks/results/competition/20260912-52d63a1a/artifact-sha256.json",
      "file_path": "devcouncil-bench/benchmarks/results/competition/20260912-52d63a1a/artifact-sha256.json",
      "id": "devcouncil-bench/benchmarks/results/competition/20260912-52d63a1a/artifact-sha256.json::impact-devmap-describe_corpus-2.stdout",
      "kind": "variable",
      "name": "impact-devmap-describe_corpus-2.stdout",
      "project_id": "devcouncil-bench",
      "repo_prefix": "devcouncil-bench",
      "start_line": 115,
      "workspace_id": "devcouncil-bench"
    },
    {
      "absolute_file_path": "/Users/bharath/Code/devtools/DevCouncil/.devcouncil/benchmarks/20260914-v0.2.2/sem/gortex-DevCouncil/benchmarks/results/competition/20260912-52d63a1a/artifact-sha256.json",
      "file_path": "devcouncil-bench/benchmarks/results/competition/20260912-52d63a1a/artifact-sha256.json",
      "id": "devcouncil-bench/benchmarks/results/competition/20260912-52d63a1a/artifact-sha256.json::impact-devmap-describe_corpus-4.stderr",
      "kind": "variable",
      "name": "impact-devmap-describe_corpus-4.stderr",
      "project_id": "devcouncil-bench",
      "repo_prefix": "devcouncil-bench",
      "start_line": 118,
      "workspace_id": "devcouncil-bench"
    },
    {
      "absolute_file_path": "/Users/bharath/Code/devtools/DevCouncil/.devcouncil/benchmarks/20260914-v0.2.2/sem/gortex-DevCouncil/benchmarks/results/competition/20260912-52d63a1a/artifact-sha256.json",
      "file_path": "devcouncil-bench/benchmarks/results/competition/20260912-52d63a1a/artifact-sha256.json",
      "id": "devcouncil-bench/benchmarks/results/competition/20260912-52d63a1a/artifact-sha256.json::impact-devmap-describe_corpus-3.stdout",
      "kind": "variable",
      "name": "impact-devmap-describe_corpus-3.stdout",
      "project_id": "devcouncil-bench",
      "repo_prefix": "devcouncil-bench",
      "start_line": 117,
      "workspace_id": "devcouncil-bench"
    },
    {
      "absolute_file_path": "/Users/bharath/Code/devtools/DevCouncil/.devcouncil/benchmarks/20260914-v0.2.2/sem/gortex-DevCouncil/benchmarks/results/competition/20260912-52d63a1a/artifact-sha256.json",
      "file_path": "devcouncil-bench/benchmarks/results/competition/20260912-52d63a1a/artifact-sha256.json",
      "id": "devcouncil-bench/benchmarks/results/competition/20260912-52d63a1a/artifact-sha256.json::impact-gitnexus-describe_corpus-1.stderr",
      "kind": "variable",
      "name": "impact-gitnexus-describe_corpus-1.stderr",
      "project_id": "devcouncil-bench",
      "repo_prefix": "devcouncil-bench",
      "start_line": 142,
      "workspace_id": "devcouncil-bench"
    },
    {
      "absolute_file_path": "/Users/bharath/Code/devtools/DevCouncil/.devcouncil/benchmarks/20260914-v0.2.2/sem/gortex-DevCouncil/benchmarks/results/competition/20260912-52d63a1a/artifact-sha256.json",
      "file_path": "devcouncil-bench/benchmarks/results/competition/20260912-52d63a1a/artifact-sha256.json",
      "id": "devcouncil-bench/benchmarks/results/competition/20260912-52d63a1a/artifact-sha256.json::impact-gitnexus-describe_corpus-2.stderr",
      "kind": "variable",
      "name": "impact-gitnexus-describe_corpus-2.stderr",
      "project_id": "devcouncil-bench",
      "repo_prefix": "devcouncil-bench",
      "start_line": 144,
      "workspace_id": "devcouncil-bench"
    },
    {
      "absolute_file_path": "/Users/bharath/Code/devtools/DevCouncil/.devcouncil/benchmarks/20260914-v0.2.2/sem/gortex-DevCouncil/benchmarks/results/competition/20260912-52d63a1a/artifact-sha256.json",
      "file_path": "devcouncil-bench/benchmarks/results/competition/20260912-52d63a1a/artifact-sha256.json",
      "id": "devcouncil-bench/benchmarks/results/competition/20260912-52d63a1a/artifact-sha256.json::impact-devmap-describe_corpus-4.stdout",
      "kind": "variable",
      "name": "impact-devmap-describe_corpus-4.stdout",
      "project_id": "devcouncil-bench",
      "repo_prefix": "devcouncil-bench",
      "start_line": 119,
      "workspace_id": "devcouncil-bench"
    },
    {
      "absolute_file_path": "/Users/bharath/Code/devtools/DevCouncil/.devcouncil/benchmarks/20260914-v0.2.2/sem/gortex-DevCouncil/benchmarks/results/competition/20260912-52d63a1a/artifact-sha256.json",
      "file_path": "devcouncil-bench/benchmarks/results/competition/20260912-52d63a1a/artifact-sha256.json",
      "id": "devcouncil-bench/benchmarks/results/competition/20260912-52d63a1a/artifact-sha256.json::impact-devmap-describe_corpus-5.stderr",
      "kind": "variable",
      "name": "impact-devmap-describe_corpus-5.stderr",
      "project_id": "devcouncil-bench",
      "repo_prefix": "devcouncil-bench",
      "start_line": 120,
      "workspace_id": "devcouncil-bench"
    },
    {
      "absolute_file_path": "/Users/bharath/Code/devtools/DevCouncil/.devcouncil/benchmarks/20260914-v0.2.2/sem/gortex-DevCouncil/benchmarks/results/competition/20260912-52d63a1a/artifact-sha256.json",
      "file_path": "devcouncil-bench/benchmarks/results/competition/20260912-52d63a1a/artifact-sha256.json",
      "id": "devcouncil-bench/benchmarks/results/competition/20260912-52d63a1a/artifact-sha256.json::impact-gitnexus-describe_corpus-3.stderr",
      "kind": "variable",
      "name": "impact-gitnexus-describe_corpus-3.stderr",
      "project_id": "devcouncil-bench",
      "repo_prefix": "devcouncil-bench",
      "start_line": 146,
      "workspace_id": "devcouncil-bench"
    },
    {
      "absolute_file_path": "/Users/bharath/Code/devtools/DevCouncil/.devcouncil/benchmarks/20260914-v0.2.2/sem/gortex-DevCouncil/benchmarks/results/competition/20260912-52d63a1a/artifact-sha256.json",
      "file_path": "devcouncil-bench/benchmarks/results/competition/20260912-52d63a1a/artifact-sha256.json",
      "id": "devcouncil-bench/benchmarks/results/competition/20260912-52d63a1a/artifact-sha256.json::impact-gitnexus-describe_corpus-1.stdout",
      "kind": "variable",
      "name": "impact-gitnexus-describe_corpus-1.stdout",
      "project_id": "devcouncil-bench",
      "repo_prefix": "devcouncil-bench",
      "start_line": 143,
      "workspace_id": "devcouncil-bench"
    },
    {
      "absolute_file_path": "/Users/bharath/Code/devtools/DevCouncil/.devcouncil/benchmarks/20260914-v0.2.2/sem/gortex-DevCouncil/benchmarks/results/competition/20260912-52d63a1a/artifact-sha256.json",
      "file_path": "devcouncil-bench/benchmarks/results/competition/20260912-52d63a1a/artifact-sha256.json",
      "id": "devcouncil-bench/benchmarks/results/competition/20260912-52d63a1a/artifact-sha256.json::impact-gitnexus-describe_corpus-4.stderr",
      "kind": "variable",
      "name": "impact-gitnexus-describe_corpus-4.stderr",
      "project_id": "devcouncil-bench",
      "repo_prefix": "devcouncil-bench",
      "start_line": 148,
      "workspace_id": "devcouncil-bench"
    },
    {
      "absolute_file_path": "/Users/bharath/Code/devtools/DevCouncil/.devcouncil/benchmarks/20260914-v0.2.2/sem/gortex-DevCouncil/benchmarks/results/competition/20260912-52d63a1a/artifact-sha256.json",
      "file_path": "devcouncil-bench/benchmarks/results/competition/20260912-52d63a1a/artifact-sha256.json",
      "id": "devcouncil-bench/benchmarks/results/competition/20260912-52d63a1a/artifact-sha256.json::impact-gitnexus-describe_corpus-2.stdout",
      "kind": "variable",
      "name": "impact-gitnexus-describe_corpus-2.stdout",
      "project_id": "devcouncil-bench",
      "repo_prefix": "devcouncil-bench",
      "start_line": 145,
      "workspace_id": "devcouncil-bench"
    },
    {
      "absolute_file_path": "/Users/bharath/Code/devtools/DevCouncil/.devcouncil/benchmarks/20260914-v0.2.2/sem/gortex-DevCouncil/benchmarks/results/competition/20260912-52d63a1a/artifact-sha256.json",
      "file_path": "devcouncil-bench/benchmarks/results/competition/20260912-52d63a1a/artifact-sha256.json",
      "id": "devcouncil-bench/benchmarks/results/competition/20260912-52d63a1a/artifact-sha256.json::impact-devmap-describe_corpus-5.stdout",
      "kind": "variable",
      "name": "impact-devmap-describe_corpus-5.stdout",
      "project_id": "devcouncil-bench",
      "repo_prefix": "devcouncil-bench",
      "start_line": 121,
      "workspace_id": "devcouncil-bench"
    },
    {
      "absolute_file_path": "/Users/bharath/Code/devtools/DevCouncil/.devcouncil/benchmarks/20260914-v0.2.2/sem/gortex-DevCouncil/benchmarks/results/competition/20260912-52d63a1a/artifact-sha256.json",
      "file_path": "devcouncil-bench/benchmarks/results/competition/20260912-52d63a1a/artifact-sha256.json",
      "id": "devcouncil-bench/benchmarks/results/competition/20260912-52d63a1a/artifact-sha256.json::impact-gitnexus-describe_corpus-3.stdout",
      "kind": "variable",
      "name": "impact-gitnexus-describe_corpus-3.stdout",
      "project_id": "devcouncil-bench",
      "repo_prefix": "devcouncil-bench",
      "start_line": 147,
      "workspace_id": "devcouncil-bench"
    },
    {
      "absolute_file_path": "/Users/bharath/Code/devtools/DevCouncil/.devcouncil/benchmarks/20260914-v0.2.2/sem/gortex-DevCouncil/benchmarks/results/competition/20260912-52d63a1a/artifact-sha256.json",
      "file_path": "devcouncil-bench/benchmarks/results/competition/20260912-52d63a1a/artifact-sha256.json",
      "id": "devcouncil-bench/benchmarks/results/competition/20260912-52d63a1a/artifact-sha256.json::pilot-gitnexus-search-describe_corpus.stderr",
      "kind": "variable",
      "name": "pilot-gitnexus-search-describe_corpus.stderr",
      "project_id": "devcouncil-bench",
      "repo_prefix": "devcouncil-bench",
      "start_line": 181,
      "workspace_id": "devcouncil-bench"
    },
    {
      "absolute_file_path": "/Users/bharath/Code/devtools/DevCouncil/.devcouncil/benchmarks/20260914-v0.2.2/sem/gortex-DevCouncil/benchmarks/results/competition/20260912-52d63a1a/artifact-sha256.json",
      "file_path": "devcouncil-bench/benchmarks/results/competition/20260912-52d63a1a/artifact-sha256.json",
      "id": "devcouncil-bench/benchmarks/results/competition/20260912-52d63a1a/artifact-sha256.json::impact-gitnexus-describe_corpus-5.stderr",
      "kind": "variable",
      "name": "impact-gitnexus-describe_corpus-5.stderr",
      "project_id": "devcouncil-bench",
      "repo_prefix": "devcouncil-bench",
      "start_line": 150,
      "workspace_id": "devcouncil-bench"
    },
    {
      "absolute_file_path": "/Users/bharath/Code/devtools/DevCouncil/.devcouncil/benchmarks/20260914-v0.2.2/sem/gortex-DevCouncil/benchmarks/results/competition/20260912-52d63a1a/artifact-sha256.json",
      "file_path": "devcouncil-bench/benchmarks/results/competition/20260912-52d63a1a/artifact-sha256.json",
      "id": "devcouncil-bench/benchmarks/results/competition/20260912-52d63a1a/artifact-sha256.json::impact-gitnexus-describe_corpus-4.stdout",
      "kind": "variable",
      "name": "impact-gitnexus-describe_corpus-4.stdout",
      "project_id": "devcouncil-bench",
      "repo_prefix": "devcouncil-bench",
      "start_line": 149,
      "workspace_id": "devcouncil-bench"
    },
    {
      "absolute_file_path": "/Users/bharath/Code/devtools/DevCouncil/.devcouncil/benchmarks/20260914-v0.2.2/sem/gortex-DevCouncil/benchmarks/results/competition/20260912-52d63a1a/artifact-sha256.json",
      "file_path": "devcouncil-bench/benchmarks/results/competition/20260912-52d63a1a/artifact-sha256.json",
      "id": "devcouncil-bench/benchmarks/results/competition/20260912-52d63a1a/artifact-sha256.json::pilot-devmap-search-describe_corpus.stderr",
      "kind": "variable",
      "name": "pilot-devmap-search-describe_corpus.stderr",
      "project_id": "devcouncil-bench",
      "repo_prefix": "devcouncil-bench",
      "start_line": 173,
      "workspace_id": "devcouncil-bench"
    },
    {
      "absolute_file_path": "/Users/bharath/Code/devtools/DevCouncil/.devcouncil/benchmarks/20260914-v0.2.2/sem/gortex-DevCouncil/benchmarks/results/competition/20260912-52d63a1a/artifact-sha256.json",
      "file_path": "devcouncil-bench/benchmarks/results/competition/20260912-52d63a1a/artifact-sha256.json",
      "id": "devcouncil-bench/benchmarks/results/competition/20260912-52d63a1a/artifact-sha256.json::impact-gitnexus-describe_corpus-5.stdout",
      "kind": "variable",
      "name": "impact-gitnexus-describe_corpus-5.stdout",
      "project_id": "devcouncil-bench",
      "repo_prefix": "devcouncil-bench",
      "start_line": 151,
      "workspace_id": "devcouncil-bench"
    },
    {
      "absolute_file_path": "/Users/bharath/Code/devtools/DevCouncil/.devcouncil/benchmarks/20260914-v0.2.2/sem/gortex-DevCouncil/benchmarks/results/competition/20260912-52d63a1a/artifact-sha256.json",
      "file_path": "devcouncil-bench/benchmarks/results/competition/20260912-52d63a1a/artifact-sha256.json",
      "id": "devcouncil-bench/benchmarks/results/competition/20260912-52d63a1a/artifact-sha256.json::pilot-gitnexus-search-describe_corpus.stdout",
      "kind": "variable",
      "name": "pilot-gitnexus-search-describe_corpus.stdout",
      "project_id": "devcouncil-bench",
      "repo_prefix": "devcouncil-bench",
      "start_line": 182,
      "workspace_id": "devcouncil-bench"
    },
    {
      "absolute_file_path": "/Users/bharath/Code/devtools/DevCouncil/.devcouncil/benchmarks/20260914-v0.2.2/sem/gortex-DevCouncil/benchmarks/results/competition/20260912-52d63a1a/artifact-sha256.json",
      "file_path": "devcouncil-bench/benchmarks/results/competition/20260912-52d63a1a/artifact-sha256.json",
      "id": "devcouncil-bench/benchmarks/results/competition/20260912-52d63a1a/artifact-sha256.json::pilot-devmap-search-describe_corpus.stdout",
      "kind": "variable",
      "name": "pilot-devmap-search-describe_corpus.stdout",
      "project_id": "devcouncil-bench",
      "repo_prefix": "devcouncil-bench",
      "start_line": 174,
      "workspace_id": "devcouncil-bench"
    },
    {
      "absolute_file_path": "/Users/bharath/Code/devtools/DevCouncil/.devcouncil/benchmarks/20260914-v0.2.2/sem/gortex-DevCouncil/benchmarks/results/competition/20260912-52d63a1a/artifact-sha256.json",
      "file_path": "devcouncil-bench/benchmarks/results/competition/20260912-52d63a1a/artifact-sha256.json",
      "id": "devcouncil-bench/benchmarks/results/competition/20260912-52d63a1a/artifact-sha256.json::search-ripgrep-describe_corpus-1.stderr",
      "kind": "variable",
      "name": "search-ripgrep-describe_corpus-1.stderr",
      "project_id": "devcouncil-bench",
      "repo_prefix": "devcouncil-bench",
      "start_line": 224,
      "workspace_id": "devcouncil-bench"
    },
    {
      "absolute_file_path": "/Users/bharath/Code/devtools/DevCouncil/.devcouncil/benchmarks/20260914-v0.2.2/sem/gortex-DevCouncil/benchmarks/results/competition/20260912-52d63a1a/artifact-sha256.json",
      "file_path": "devcouncil-bench/benchmarks/results/competition/20260912-52d63a1a/artifact-sha256.json",
      "id": "devcouncil-bench/benchmarks/results/competition/20260912-52d63a1a/artifact-sha256.json::search-ripgrep-describe_corpus-2.stderr",
      "kind": "variable",
      "name": "search-ripgrep-describe_corpus-2.stderr",
      "project_id": "devcouncil-bench",
      "repo_prefix": "devcouncil-bench",
      "start_line": 226,
      "workspace_id": "devcouncil-bench"
    },
    {
      "absolute_file_path": "/Users/bharath/Code/devtools/DevCouncil/.devcouncil/benchmarks/20260914-v0.2.2/sem/gortex-DevCouncil/benchmarks/results/competition/20260912-52d63a1a/artifact-sha256.json",
      "file_path": "devcouncil-bench/benchmarks/results/competition/20260912-52d63a1a/artifact-sha256.json",
      "id": "devcouncil-bench/benchmarks/results/competition/20260912-52d63a1a/artifact-sha256.json::search-ripgrep-describe_corpus-3.stderr",
      "kind": "variable",
      "name": "search-ripgrep-describe_corpus-3.stderr",
      "project_id": "devcouncil-bench",
      "repo_prefix": "devcouncil-bench",
      "start_line": 228,
      "workspace_id": "devcouncil-bench"
    },
    {
      "absolute_file_path": "/Users/bharath/Code/devtools/DevCouncil/.devcouncil/benchmarks/20260914-v0.2.2/sem/gortex-DevCouncil/benchmarks/results/competition/20260912-52d63a1a/artifact-sha256.json",
      "file_path": "devcouncil-bench/benchmarks/results/competition/20260912-52d63a1a/artifact-sha256.json",
      "id": "devcouncil-bench/benchmarks/results/competition/20260912-52d63a1a/artifact-sha256.json::search-ripgrep-describe_corpus-4.stderr",
      "kind": "variable",
      "name": "search-ripgrep-describe_corpus-4.stderr",
      "project_id": "devcouncil-bench",
      "repo_prefix": "devcouncil-bench",
      "start_line": 230,
      "workspace_id": "devcouncil-bench"
    },
    {
      "absolute_file_path": "/Users/bharath/Code/devtools/DevCouncil/.devcouncil/benchmarks/20260914-v0.2.2/sem/gortex-DevCouncil/benchmarks/results/competition/20260912-52d63a1a/artifact-sha256.json",
      "file_path": "devcouncil-bench/benchmarks/results/competition/20260912-52d63a1a/artifact-sha256.json",
      "id": "devcouncil-bench/benchmarks/results/competition/20260912-52d63a1a/artifact-sha256.json::search-ripgrep-describe_corpus-1.stdout",
      "kind": "variable",
      "name": "search-ripgrep-describe_corpus-1.stdout",
      "project_id": "devcouncil-bench",
      "repo_prefix": "devcouncil-bench",
      "start_line": 225,
      "workspace_id": "devcouncil-bench"
    },
    {
      "absolute_file_path": "/Users/bharath/Code/devtools/DevCouncil/.devcouncil/benchmarks/20260914-v0.2.2/sem/gortex-DevCouncil/benchmarks/results/competition/20260912-52d63a1a/artifact-sha256.json",
      "file_path": "devcouncil-bench/benchmarks/results/competition/20260912-52d63a1a/artifact-sha256.json",
      "id": "devcouncil-bench/benchmarks/results/competition/20260912-52d63a1a/artifact-sha256.json::search-ripgrep-describe_corpus-2.stdout",
      "kind": "variable",
      "name": "search-ripgrep-describe_corpus-2.stdout",
      "project_id": "devcouncil-bench",
      "repo_prefix": "devcouncil-bench",
      "start_line": 227,
      "workspace_id": "devcouncil-bench"
    },
    {
      "absolute_file_path": "/Users/bharath/Code/devtools/DevCouncil/.devcouncil/benchmarks/20260914-v0.2.2/sem/gortex-DevCouncil/benchmarks/results/competition/20260912-52d63a1a/artifact-sha256.json",
      "file_path": "devcouncil-bench/benchmarks/results/competition/20260912-52d63a1a/artifact-sha256.json",
      "id": "devcouncil-bench/benchmarks/results/competition/20260912-52d63a1a/artifact-sha256.json::search-ripgrep-describe_corpus-3.stdout",
      "kind": "variable",
      "name": "search-ripgrep-describe_corpus-3.stdout",
      "project_id": "devcouncil-bench",
      "repo_prefix": "devcouncil-bench",
      "start_line": 229,
      "workspace_id": "devcouncil-bench"
    },
    {
      "absolute_file_path": "/Users/bharath/Code/devtools/DevCouncil/.devcouncil/benchmarks/20260914-v0.2.2/sem/gortex-DevCouncil/benchmarks/results/competition/20260912-52d63a1a/artifact-sha256.json",
      "file_path": "devcouncil-bench/benchmarks/results/competition/20260912-52d63a1a/artifact-sha256.json",
      "id": "devcouncil-bench/benchmarks/results/competition/20260912-52d63a1a/artifact-sha256.json::search-ripgrep-describe_corpus-5.stderr",
      "kind": "variable",
      "name": "search-ripgrep-describe_corpus-5.stderr",
      "project_id": "devcouncil-bench",
      "repo_prefix": "devcouncil-bench",
      "start_line": 232,
      "workspace_id": "devcouncil-bench"
    },
    {
      "absolute_file_path": "/Users/bharath/Code/devtools/DevCouncil/.devcouncil/benchmarks/20260914-v0.2.2/sem/gortex-DevCouncil/benchmarks/results/competition/20260912-52d63a1a/artifact-sha256.json",
      "file_path": "devcouncil-bench/benchmarks/results/competition/20260912-52d63a1a/artifact-sha256.json",
      "id": "devcouncil-bench/benchmarks/results/competition/20260912-52d63a1a/artifact-sha256.json::search-ripgrep-describe_corpus-4.stdout",
      "kind": "variable",
      "name": "search-ripgrep-describe_corpus-4.stdout",
      "project_id": "devcouncil-bench",
      "repo_prefix": "devcouncil-bench",
      "start_line": 231,
      "workspace_id": "devcouncil-bench"
    },
    {
      "absolute_file_path": "/Users/bharath/Code/devtools/DevCouncil/.devcouncil/benchmarks/20260914-v0.2.2/sem/gortex-DevCouncil/benchmarks/results/competition/20260912-52d63a1a/artifact-sha256.json",
      "file_path": "devcouncil-bench/benchmarks/results/competition/20260912-52d63a1a/artifact-sha256.json",
      "id": "devcouncil-bench/benchmarks/results/competition/20260912-52d63a1a/artifact-sha256.json::search-ripgrep-describe_corpus-5.stdout",
      "kind": "variable",
      "name": "search-ripgrep-describe_corpus-5.stdout",
      "project_id": "devcouncil-bench",
      "repo_prefix": "devcouncil-bench",
      "start_line": 233,
      "workspace_id": "devcouncil-bench"
    }
  ],
  "total": 55,
  "truncated": false
}
