[
  {
    "node": {
      "id": "function:58baf1613acbc079828cefac3b97de41",
      "kind": "function",
      "name": "db_size_gate_bytes",
      "qualifiedName": "db_size_gate_bytes",
      "filePath": "rust/devmap-extract/src/model.rs",
      "language": "rust",
      "startLine": 225,
      "endLine": 227,
      "startColumn": 0,
      "endColumn": 1,
      "signature": "(file_count: u64) -> u64",
      "visibility": "public",
      "isExported": false,
      "isAsync": false,
      "isStatic": false,
      "isAbstract": false,
      "updatedAt": 1789389384352
    },
    "score": 104.36139815246861
  },
  {
    "node": {
      "id": "variable:6a6ee086c8f7a9d0ed57f2c3250add85",
      "kind": "variable",
      "name": "TARGETS",
      "qualifiedName": "TARGETS",
      "filePath": "benchmarks/results/competition/20260913-48cd3c7/write_report.py",
      "language": "python",
      "startLine": 14,
      "endLine": 14,
      "startColumn": 0,
      "endColumn": 66,
      "signature": "= ['db_size_gate_bytes', 'loadBounded', 'describe_corpus']",
      "visibility": null,
      "isExported": false,
      "isAsync": false,
      "isStatic": false,
      "isAbstract": false,
      "updatedAt": 1789389384207
    },
    "score": -2.0405266080345736
  },
  {
    "node": {
      "id": "variable:9cd76518c8155994a1d717f9a1af6a9d",
      "kind": "variable",
      "name": "TARGETS",
      "qualifiedName": "TARGETS",
      "filePath": "benchmarks/results/competition/20260913-v0.2.1/write_report.py",
      "language": "python",
      "startLine": 13,
      "endLine": 13,
      "startColumn": 0,
      "endColumn": 66,
      "signature": "= ['db_size_gate_bytes', 'loadBounded', 'describe_corpus']",
      "visibility": null,
      "isExported": false,
      "isAsync": false,
      "isStatic": false,
      "isAbstract": false,
      "updatedAt": 1789389384212
    },
    "score": -2.0405266080345736
  },
  {
    "node": {
      "id": "variable:c813c0c924de07867b5557918b4508f3",
      "kind": "variable",
      "name": "TARGETS",
      "qualifiedName": "TARGETS",
      "filePath": "benchmarks/results/competition/20260912-52d63a1a/run_comparison.py",
      "language": "python",
      "startLine": 10,
      "endLine": 14,
      "startColumn": 0,
      "endColumn": 1,
      "signature": "= {\n    'db_size_gate_bytes': 'rust/devmap-extract/src/model.rs',\n    'loadBounded': 'backend/go_orche...",
      "visibility": null,
      "isExported": false,
      "isAsync": false,
      "isStatic": false,
      "isAbstract": false,
      "updatedAt": 1789389384196
    },
    "score": -2.996640278807856
  },
  {
    "node": {
      "id": "variable:bd3ffcb5734562bb1daffed1307c1aeb",
      "kind": "variable",
      "name": "PATHS",
      "qualifiedName": "PATHS",
      "filePath": "benchmarks/results/competition/20260912-52d63a1a/audit_results.py",
      "language": "python",
      "startLine": 19,
      "endLine": 19,
      "startColumn": 0,
      "endColumn": 166,
      "signature": "= {'db_size_gate_bytes':'rust/devmap-extract/src/model.rs','loadBounded':'backend/go_orchestrator/repo...",
      "visibility": null,
      "isExported": false,
      "isAsync": false,
      "isStatic": false,
      "isAbstract": false,
      "updatedAt": 1789389384195
    },
    "score": -3.119777269648255
  },
  {
    "node": {
      "id": "variable:5e31b7989e653e2b85eb60101a339ffa",
      "kind": "variable",
      "name": "PATHS",
      "qualifiedName": "PATHS",
      "filePath": "benchmarks/results/competition/20260912-expanded/audit_results.py",
      "language": "python",
      "startLine": 6,
      "endLine": 6,
      "startColumn": 0,
      "endColumn": 166,
      "signature": "= {'db_size_gate_bytes':'rust/devmap-extract/src/model.rs','loadBounded':'backend/go_orchestrator/repo...",
      "visibility": null,
      "isExported": false,
      "isAsync": false,
      "isStatic": false,
      "isAbstract": false,
      "updatedAt": 1789389384197
    },
    "score": -3.119777269648255
  },
  {
    "node": {
      "id": "variable:fb42721399709a77e523e6d07fc26b26",
      "kind": "variable",
      "name": "target",
      "qualifiedName": "target",
      "filePath": "benchmarks/results/competition/20260912-expanded/gortex_followup.py",
      "language": "python",
      "startLine": 16,
      "endLine": 16,
      "startColumn": 1,
      "endColumn": 100,
      "signature": "= json.loads((OUT/'resolve-gortex-db_size_gate_bytes.stdout').read_text())['results'][0]['id']",
      "visibility": null,
      "isExported": false,
      "isAsync": false,
      "isStatic": false,
      "isAbstract": false,
      "updatedAt": 1789389384196
    },
    "score": -3.119777269648255
  },
  {
    "node": {
      "id": "variable:5cf579f0940c3229963ed36e1daa18cd",
      "kind": "variable",
      "name": "TARGETS",
      "qualifiedName": "TARGETS",
      "filePath": "benchmarks/results/competition/20260912-expanded/run_expanded.py",
      "language": "python",
      "startLine": 8,
      "endLine": 8,
      "startColumn": 0,
      "endColumn": 168,
      "signature": "= {'db_size_gate_bytes':'rust/devmap-extract/src/model.rs','loadBounded':'backend/go_orchestrator/repo...",
      "visibility": null,
      "isExported": false,
      "isAsync": false,
      "isStatic": false,
      "isAbstract": false,
      "updatedAt": 1789389384200
    },
    "score": -3.119777269648255
  },
  {
    "node": {
      "id": "variable:535c794628556181dd05b9e45d061b90",
      "kind": "variable",
      "name": "PATHS",
      "qualifiedName": "PATHS",
      "filePath": "benchmarks/results/competition/20260913-48cd3c7/audit_results.py",
      "language": "python",
      "startLine": 6,
      "endLine": 6,
      "startColumn": 0,
      "endColumn": 166,
      "signature": "= {'db_size_gate_bytes':'rust/devmap-extract/src/model.rs','loadBounded':'backend/go_orchestrator/repo...",
      "visibility": null,
      "isExported": false,
      "isAsync": false,
      "isStatic": false,
      "isAbstract": false,
      "updatedAt": 1789389384204
    },
    "score": -3.119777269648255
  },
  {
    "node": {
      "id": "variable:2f9ad826419dd6222f6e607463614a07",
      "kind": "variable",
      "name": "target",
      "qualifiedName": "target",
      "filePath": "benchmarks/results/competition/20260913-48cd3c7/gortex_followup.py",
      "language": "python",
      "startLine": 16,
      "endLine": 16,
      "startColumn": 1,
      "endColumn": 100,
      "signature": "= json.loads((OUT/'resolve-gortex-db_size_gate_bytes.stdout').read_text())['results'][0]['id']",
      "visibility": null,
      "isExported": false,
      "isAsync": false,
      "isStatic": false,
      "isAbstract": false,
      "updatedAt": 1789389384202
    },
    "score": -3.119777269648255
  },
  {
    "node": {
      "id": "variable:b4396e356793a6c0c785033ee905b14f",
      "kind": "variable",
      "name": "TARGETS",
      "qualifiedName": "TARGETS",
      "filePath": "benchmarks/results/competition/20260913-48cd3c7/run_expanded.py",
      "language": "python",
      "startLine": 8,
      "endLine": 8,
      "startColumn": 0,
      "endColumn": 168,
      "signature": "= {'db_size_gate_bytes':'rust/devmap-extract/src/model.rs','loadBounded':'backend/go_orchestrator/repo...",
      "visibility": null,
      "isExported": false,
      "isAsync": false,
      "isStatic": false,
      "isAbstract": false,
      "updatedAt": 1789389384204
    },
    "score": -3.119777269648255
  },
  {
    "node": {
      "id": "variable:857f51d17b8f9edcbf2c988e1b6da10d",
      "kind": "variable",
      "name": "PATHS",
      "qualifiedName": "PATHS",
      "filePath": "benchmarks/results/competition/20260913-v0.2.1/audit_results.py",
      "language": "python",
      "startLine": 6,
      "endLine": 6,
      "startColumn": 0,
      "endColumn": 166,
      "signature": "= {'db_size_gate_bytes':'rust/devmap-extract/src/model.rs','loadBounded':'backend/go_orchestrator/repo...",
      "visibility": null,
      "isExported": false,
      "isAsync": false,
      "isStatic": false,
      "isAbstract": false,
      "updatedAt": 1789389384208
    },
    "score": -3.119777269648255
  },
  {
    "node": {
      "id": "variable:9b271fce17932cfcedbb8d4ab6273411",
      "kind": "variable",
      "name": "target",
      "qualifiedName": "target",
      "filePath": "benchmarks/results/competition/20260913-v0.2.1/gortex_followup.py",
      "language": "python",
      "startLine": 16,
      "endLine": 16,
      "startColumn": 1,
      "endColumn": 100,
      "signature": "= json.loads((OUT/'resolve-gortex-db_size_gate_bytes.stdout').read_text())['results'][0]['id']",
      "visibility": null,
      "isExported": false,
      "isAsync": false,
      "isStatic": false,
      "isAbstract": false,
      "updatedAt": 1789389384206
    },
    "score": -3.119777269648255
  },
  {
    "node": {
      "id": "variable:96c7488645d1a10b6850fbc59f1e6561",
      "kind": "variable",
      "name": "TARGETS",
      "qualifiedName": "TARGETS",
      "filePath": "benchmarks/results/competition/20260913-v0.2.1/run_expanded.py",
      "language": "python",
      "startLine": 8,
      "endLine": 8,
      "startColumn": 0,
      "endColumn": 168,
      "signature": "= {'db_size_gate_bytes':'rust/devmap-extract/src/model.rs','loadBounded':'backend/go_orchestrator/repo...",
      "visibility": null,
      "isExported": false,
      "isAsync": false,
      "isStatic": false,
      "isAbstract": false,
      "updatedAt": 1789389384208
    },
    "score": -3.119777269648255
  },
  {
    "node": {
      "id": "variable:c516028e65882f36b9a627665f8c2963",
      "kind": "variable",
      "name": "EXPECTED",
      "qualifiedName": "EXPECTED",
      "filePath": "benchmarks/results/competition/20260912-52d63a1a/audit_results.py",
      "language": "python",
      "startLine": 8,
      "endLine": 18,
      "startColumn": 0,
      "endColumn": 1,
      "signature": "= {\n 'db_size_gate_bytes': {\n  'rust/devmap-extract/src/model.rs::size_gate_constants_are_their_declar...",
      "visibility": null,
      "isExported": false,
      "isAsync": false,
      "isStatic": false,
      "isAbstract": false,
      "updatedAt": 1789389384195
    },
    "score": -3.239919598278332
  },
  {
    "node": {
      "id": "variable:16548f8cf6a861bd59fc97be6ae92c4a",
      "kind": "variable",
      "name": "EXPECTED",
      "qualifiedName": "EXPECTED",
      "filePath": "benchmarks/results/competition/20260912-expanded/audit_results.py",
      "language": "python",
      "startLine": 7,
      "endLine": 10,
      "startColumn": 0,
      "endColumn": 53,
      "signature": "= {\n 'db_size_gate_bytes':{'rust/devmap-extract/src/model.rs::size_gate_constants_are_their_declared_m...",
      "visibility": null,
      "isExported": false,
      "isAsync": false,
      "isStatic": false,
      "isAbstract": false,
      "updatedAt": 1789389384197
    },
    "score": -3.3571751964653647
  },
  {
    "node": {
      "id": "variable:32b7ef7698d9cfad544aec4279f61aa5",
      "kind": "variable",
      "name": "EXPECTED",
      "qualifiedName": "EXPECTED",
      "filePath": "benchmarks/results/competition/20260913-48cd3c7/audit_results.py",
      "language": "python",
      "startLine": 7,
      "endLine": 10,
      "startColumn": 0,
      "endColumn": 53,
      "signature": "= {\n 'db_size_gate_bytes':{'rust/devmap-extract/src/model.rs::size_gate_constants_are_their_declared_m...",
      "visibility": null,
      "isExported": false,
      "isAsync": false,
      "isStatic": false,
      "isAbstract": false,
      "updatedAt": 1789389384204
    },
    "score": -3.3571751964653647
  },
  {
    "node": {
      "id": "variable:1ae79812c2de4a0ed6f6198e62eeece4",
      "kind": "variable",
      "name": "EXPECTED",
      "qualifiedName": "EXPECTED",
      "filePath": "benchmarks/results/competition/20260913-v0.2.1/audit_results.py",
      "language": "python",
      "startLine": 7,
      "endLine": 10,
      "startColumn": 0,
      "endColumn": 53,
      "signature": "= {\n 'db_size_gate_bytes':{'rust/devmap-extract/src/model.rs::size_gate_constants_are_their_declared_m...",
      "visibility": null,
      "isExported": false,
      "isAsync": false,
      "isStatic": false,
      "isAbstract": false,
      "updatedAt": 1789389384208
    },
    "score": -3.3571751964653647
  },
  {
    "node": {
      "id": "variable:ebc90cf350874115f6ceb8dc6dd1961d",
      "kind": "variable",
      "name": "vals",
      "qualifiedName": "vals",
      "filePath": "benchmarks/results/competition/20260912-expanded/write_report.py",
      "language": "python",
      "startLine": 48,
      "endLine": 48,
      "startColumn": 1,
      "endColumn": 122,
      "signature": "= [mid(t,s,target) for s in ['search','callers'] for target in ['db_size_gate_bytes','loadBounded','de...",
      "visibility": null,
      "isExported": false,
      "isAsync": false,
      "isStatic": false,
      "isAbstract": false,
      "updatedAt": 1789389384203
    },
    "score": -3.4716468708684296
  }
]
