{
  "query_class": "symbol",
  "results": [
    {
      "absolute_file_path": "/Users/bharath/Code/devtools/DevCouncil/.devcouncil/benchmarks/20260914-v0.2.2/sem/gortex-DevCouncil/backend/go_orchestrator/repomap/repomap.go",
      "doc": "loadBounded is Load with the bound as an argument, so a test can drive the refus…",
      "file_path": "devcouncil-bench/backend/go_orchestrator/repomap/repomap.go",
      "id": "devcouncil-bench/backend/go_orchestrator/repomap/repomap.go::loadBounded",
      "kind": "function",
      "name": "loadBounded",
      "project_id": "devcouncil-bench",
      "repo_prefix": "devcouncil-bench",
      "start_line": 331,
      "visibility": "package",
      "workspace_id": "devcouncil-bench"
    },
    {
      "absolute_file_path": "/Users/bharath/Code/devtools/DevCouncil/.devcouncil/benchmarks/20260914-v0.2.2/sem/gortex-DevCouncil/benchmarks/results/competition/20260912-52d63a1a/artifact-sha256.json",
      "file_path": "devcouncil-bench/benchmarks/results/competition/20260912-52d63a1a/artifact-sha256.json",
      "id": "devcouncil-bench/benchmarks/results/competition/20260912-52d63a1a/artifact-sha256.json::context-devmap-loadBounded-1.stderr",
      "kind": "variable",
      "name": "context-devmap-loadBounded-1.stderr",
      "project_id": "devcouncil-bench",
      "repo_prefix": "devcouncil-bench",
      "start_line": 40,
      "workspace_id": "devcouncil-bench"
    },
    {
      "absolute_file_path": "/Users/bharath/Code/devtools/DevCouncil/.devcouncil/benchmarks/20260914-v0.2.2/sem/gortex-DevCouncil/benchmarks/results/competition/20260912-52d63a1a/artifact-sha256.json",
      "file_path": "devcouncil-bench/benchmarks/results/competition/20260912-52d63a1a/artifact-sha256.json",
      "id": "devcouncil-bench/benchmarks/results/competition/20260912-52d63a1a/artifact-sha256.json::context-devmap-loadBounded-1.stdout",
      "kind": "variable",
      "name": "context-devmap-loadBounded-1.stdout",
      "project_id": "devcouncil-bench",
      "repo_prefix": "devcouncil-bench",
      "start_line": 41,
      "workspace_id": "devcouncil-bench"
    },
    {
      "absolute_file_path": "/Users/bharath/Code/devtools/DevCouncil/.devcouncil/benchmarks/20260914-v0.2.2/sem/gortex-DevCouncil/benchmarks/results/competition/20260912-52d63a1a/artifact-sha256.json",
      "file_path": "devcouncil-bench/benchmarks/results/competition/20260912-52d63a1a/artifact-sha256.json",
      "id": "devcouncil-bench/benchmarks/results/competition/20260912-52d63a1a/artifact-sha256.json::context-devmap-loadBounded-2.stderr",
      "kind": "variable",
      "name": "context-devmap-loadBounded-2.stderr",
      "project_id": "devcouncil-bench",
      "repo_prefix": "devcouncil-bench",
      "start_line": 42,
      "workspace_id": "devcouncil-bench"
    },
    {
      "absolute_file_path": "/Users/bharath/Code/devtools/DevCouncil/.devcouncil/benchmarks/20260914-v0.2.2/sem/gortex-DevCouncil/benchmarks/results/competition/20260912-52d63a1a/artifact-sha256.json",
      "file_path": "devcouncil-bench/benchmarks/results/competition/20260912-52d63a1a/artifact-sha256.json",
      "id": "devcouncil-bench/benchmarks/results/competition/20260912-52d63a1a/artifact-sha256.json::context-devmap-loadBounded-2.stdout",
      "kind": "variable",
      "name": "context-devmap-loadBounded-2.stdout",
      "project_id": "devcouncil-bench",
      "repo_prefix": "devcouncil-bench",
      "start_line": 43,
      "workspace_id": "devcouncil-bench"
    },
    {
      "absolute_file_path": "/Users/bharath/Code/devtools/DevCouncil/.devcouncil/benchmarks/20260914-v0.2.2/sem/gortex-DevCouncil/benchmarks/results/competition/20260912-52d63a1a/artifact-sha256.json",
      "file_path": "devcouncil-bench/benchmarks/results/competition/20260912-52d63a1a/artifact-sha256.json",
      "id": "devcouncil-bench/benchmarks/results/competition/20260912-52d63a1a/artifact-sha256.json::context-devmap-loadBounded-4.stderr",
      "kind": "variable",
      "name": "context-devmap-loadBounded-4.stderr",
      "project_id": "devcouncil-bench",
      "repo_prefix": "devcouncil-bench",
      "start_line": 46,
      "workspace_id": "devcouncil-bench"
    },
    {
      "absolute_file_path": "/Users/bharath/Code/devtools/DevCouncil/.devcouncil/benchmarks/20260914-v0.2.2/sem/gortex-DevCouncil/benchmarks/results/competition/20260912-52d63a1a/artifact-sha256.json",
      "file_path": "devcouncil-bench/benchmarks/results/competition/20260912-52d63a1a/artifact-sha256.json",
      "id": "devcouncil-bench/benchmarks/results/competition/20260912-52d63a1a/artifact-sha256.json::context-devmap-loadBounded-3.stderr",
      "kind": "variable",
      "name": "context-devmap-loadBounded-3.stderr",
      "project_id": "devcouncil-bench",
      "repo_prefix": "devcouncil-bench",
      "start_line": 44,
      "workspace_id": "devcouncil-bench"
    },
    {
      "absolute_file_path": "/Users/bharath/Code/devtools/DevCouncil/.devcouncil/benchmarks/20260914-v0.2.2/sem/gortex-DevCouncil/benchmarks/results/competition/20260912-52d63a1a/artifact-sha256.json",
      "file_path": "devcouncil-bench/benchmarks/results/competition/20260912-52d63a1a/artifact-sha256.json",
      "id": "devcouncil-bench/benchmarks/results/competition/20260912-52d63a1a/artifact-sha256.json::context-devmap-loadBounded-3.stdout",
      "kind": "variable",
      "name": "context-devmap-loadBounded-3.stdout",
      "project_id": "devcouncil-bench",
      "repo_prefix": "devcouncil-bench",
      "start_line": 45,
      "workspace_id": "devcouncil-bench"
    },
    {
      "absolute_file_path": "/Users/bharath/Code/devtools/DevCouncil/.devcouncil/benchmarks/20260914-v0.2.2/sem/gortex-DevCouncil/benchmarks/results/competition/20260912-52d63a1a/artifact-sha256.json",
      "file_path": "devcouncil-bench/benchmarks/results/competition/20260912-52d63a1a/artifact-sha256.json",
      "id": "devcouncil-bench/benchmarks/results/competition/20260912-52d63a1a/artifact-sha256.json::context-devmap-loadBounded-4.stdout",
      "kind": "variable",
      "name": "context-devmap-loadBounded-4.stdout",
      "project_id": "devcouncil-bench",
      "repo_prefix": "devcouncil-bench",
      "start_line": 47,
      "workspace_id": "devcouncil-bench"
    },
    {
      "absolute_file_path": "/Users/bharath/Code/devtools/DevCouncil/.devcouncil/benchmarks/20260914-v0.2.2/sem/gortex-DevCouncil/benchmarks/results/competition/20260912-52d63a1a/artifact-sha256.json",
      "file_path": "devcouncil-bench/benchmarks/results/competition/20260912-52d63a1a/artifact-sha256.json",
      "id": "devcouncil-bench/benchmarks/results/competition/20260912-52d63a1a/artifact-sha256.json::context-devmap-loadBounded-5.stderr",
      "kind": "variable",
      "name": "context-devmap-loadBounded-5.stderr",
      "project_id": "devcouncil-bench",
      "repo_prefix": "devcouncil-bench",
      "start_line": 48,
      "workspace_id": "devcouncil-bench"
    },
    {
      "absolute_file_path": "/Users/bharath/Code/devtools/DevCouncil/.devcouncil/benchmarks/20260914-v0.2.2/sem/gortex-DevCouncil/benchmarks/results/competition/20260912-52d63a1a/artifact-sha256.json",
      "file_path": "devcouncil-bench/benchmarks/results/competition/20260912-52d63a1a/artifact-sha256.json",
      "id": "devcouncil-bench/benchmarks/results/competition/20260912-52d63a1a/artifact-sha256.json::context-gitnexus-loadBounded-1.stderr",
      "kind": "variable",
      "name": "context-gitnexus-loadBounded-1.stderr",
      "project_id": "devcouncil-bench",
      "repo_prefix": "devcouncil-bench",
      "start_line": 70,
      "workspace_id": "devcouncil-bench"
    },
    {
      "absolute_file_path": "/Users/bharath/Code/devtools/DevCouncil/.devcouncil/benchmarks/20260914-v0.2.2/sem/gortex-DevCouncil/benchmarks/results/competition/20260912-52d63a1a/artifact-sha256.json",
      "file_path": "devcouncil-bench/benchmarks/results/competition/20260912-52d63a1a/artifact-sha256.json",
      "id": "devcouncil-bench/benchmarks/results/competition/20260912-52d63a1a/artifact-sha256.json::context-devmap-loadBounded-5.stdout",
      "kind": "variable",
      "name": "context-devmap-loadBounded-5.stdout",
      "project_id": "devcouncil-bench",
      "repo_prefix": "devcouncil-bench",
      "start_line": 49,
      "workspace_id": "devcouncil-bench"
    },
    {
      "absolute_file_path": "/Users/bharath/Code/devtools/DevCouncil/.devcouncil/benchmarks/20260914-v0.2.2/sem/gortex-DevCouncil/benchmarks/results/competition/20260912-52d63a1a/artifact-sha256.json",
      "file_path": "devcouncil-bench/benchmarks/results/competition/20260912-52d63a1a/artifact-sha256.json",
      "id": "devcouncil-bench/benchmarks/results/competition/20260912-52d63a1a/artifact-sha256.json::context-gitnexus-loadBounded-2.stderr",
      "kind": "variable",
      "name": "context-gitnexus-loadBounded-2.stderr",
      "project_id": "devcouncil-bench",
      "repo_prefix": "devcouncil-bench",
      "start_line": 72,
      "workspace_id": "devcouncil-bench"
    },
    {
      "absolute_file_path": "/Users/bharath/Code/devtools/DevCouncil/.devcouncil/benchmarks/20260914-v0.2.2/sem/gortex-DevCouncil/benchmarks/results/competition/20260912-52d63a1a/artifact-sha256.json",
      "file_path": "devcouncil-bench/benchmarks/results/competition/20260912-52d63a1a/artifact-sha256.json",
      "id": "devcouncil-bench/benchmarks/results/competition/20260912-52d63a1a/artifact-sha256.json::context-gitnexus-loadBounded-1.stdout",
      "kind": "variable",
      "name": "context-gitnexus-loadBounded-1.stdout",
      "project_id": "devcouncil-bench",
      "repo_prefix": "devcouncil-bench",
      "start_line": 71,
      "workspace_id": "devcouncil-bench"
    },
    {
      "absolute_file_path": "/Users/bharath/Code/devtools/DevCouncil/.devcouncil/benchmarks/20260914-v0.2.2/sem/gortex-DevCouncil/benchmarks/results/competition/20260912-52d63a1a/artifact-sha256.json",
      "file_path": "devcouncil-bench/benchmarks/results/competition/20260912-52d63a1a/artifact-sha256.json",
      "id": "devcouncil-bench/benchmarks/results/competition/20260912-52d63a1a/artifact-sha256.json::context-gitnexus-loadBounded-2.stdout",
      "kind": "variable",
      "name": "context-gitnexus-loadBounded-2.stdout",
      "project_id": "devcouncil-bench",
      "repo_prefix": "devcouncil-bench",
      "start_line": 73,
      "workspace_id": "devcouncil-bench"
    },
    {
      "absolute_file_path": "/Users/bharath/Code/devtools/DevCouncil/.devcouncil/benchmarks/20260914-v0.2.2/sem/gortex-DevCouncil/benchmarks/results/competition/20260912-52d63a1a/artifact-sha256.json",
      "file_path": "devcouncil-bench/benchmarks/results/competition/20260912-52d63a1a/artifact-sha256.json",
      "id": "devcouncil-bench/benchmarks/results/competition/20260912-52d63a1a/artifact-sha256.json::context-gitnexus-loadBounded-4.stderr",
      "kind": "variable",
      "name": "context-gitnexus-loadBounded-4.stderr",
      "project_id": "devcouncil-bench",
      "repo_prefix": "devcouncil-bench",
      "start_line": 76,
      "workspace_id": "devcouncil-bench"
    },
    {
      "absolute_file_path": "/Users/bharath/Code/devtools/DevCouncil/.devcouncil/benchmarks/20260914-v0.2.2/sem/gortex-DevCouncil/benchmarks/results/competition/20260912-52d63a1a/artifact-sha256.json",
      "file_path": "devcouncil-bench/benchmarks/results/competition/20260912-52d63a1a/artifact-sha256.json",
      "id": "devcouncil-bench/benchmarks/results/competition/20260912-52d63a1a/artifact-sha256.json::context-gitnexus-loadBounded-3.stderr",
      "kind": "variable",
      "name": "context-gitnexus-loadBounded-3.stderr",
      "project_id": "devcouncil-bench",
      "repo_prefix": "devcouncil-bench",
      "start_line": 74,
      "workspace_id": "devcouncil-bench"
    },
    {
      "absolute_file_path": "/Users/bharath/Code/devtools/DevCouncil/.devcouncil/benchmarks/20260914-v0.2.2/sem/gortex-DevCouncil/benchmarks/results/competition/20260912-52d63a1a/artifact-sha256.json",
      "file_path": "devcouncil-bench/benchmarks/results/competition/20260912-52d63a1a/artifact-sha256.json",
      "id": "devcouncil-bench/benchmarks/results/competition/20260912-52d63a1a/artifact-sha256.json::context-gitnexus-loadBounded-4.stdout",
      "kind": "variable",
      "name": "context-gitnexus-loadBounded-4.stdout",
      "project_id": "devcouncil-bench",
      "repo_prefix": "devcouncil-bench",
      "start_line": 77,
      "workspace_id": "devcouncil-bench"
    },
    {
      "absolute_file_path": "/Users/bharath/Code/devtools/DevCouncil/.devcouncil/benchmarks/20260914-v0.2.2/sem/gortex-DevCouncil/benchmarks/results/competition/20260912-52d63a1a/artifact-sha256.json",
      "file_path": "devcouncil-bench/benchmarks/results/competition/20260912-52d63a1a/artifact-sha256.json",
      "id": "devcouncil-bench/benchmarks/results/competition/20260912-52d63a1a/artifact-sha256.json::context-gitnexus-loadBounded-5.stderr",
      "kind": "variable",
      "name": "context-gitnexus-loadBounded-5.stderr",
      "project_id": "devcouncil-bench",
      "repo_prefix": "devcouncil-bench",
      "start_line": 78,
      "workspace_id": "devcouncil-bench"
    },
    {
      "absolute_file_path": "/Users/bharath/Code/devtools/DevCouncil/.devcouncil/benchmarks/20260914-v0.2.2/sem/gortex-DevCouncil/benchmarks/results/competition/20260912-52d63a1a/artifact-sha256.json",
      "file_path": "devcouncil-bench/benchmarks/results/competition/20260912-52d63a1a/artifact-sha256.json",
      "id": "devcouncil-bench/benchmarks/results/competition/20260912-52d63a1a/artifact-sha256.json::context-gitnexus-loadBounded-3.stdout",
      "kind": "variable",
      "name": "context-gitnexus-loadBounded-3.stdout",
      "project_id": "devcouncil-bench",
      "repo_prefix": "devcouncil-bench",
      "start_line": 75,
      "workspace_id": "devcouncil-bench"
    },
    {
      "absolute_file_path": "/Users/bharath/Code/devtools/DevCouncil/.devcouncil/benchmarks/20260914-v0.2.2/sem/gortex-DevCouncil/benchmarks/results/competition/20260912-52d63a1a/artifact-sha256.json",
      "file_path": "devcouncil-bench/benchmarks/results/competition/20260912-52d63a1a/artifact-sha256.json",
      "id": "devcouncil-bench/benchmarks/results/competition/20260912-52d63a1a/artifact-sha256.json::impact-devmap-loadBounded-1.stderr",
      "kind": "variable",
      "name": "impact-devmap-loadBounded-1.stderr",
      "project_id": "devcouncil-bench",
      "repo_prefix": "devcouncil-bench",
      "start_line": 122,
      "workspace_id": "devcouncil-bench"
    },
    {
      "absolute_file_path": "/Users/bharath/Code/devtools/DevCouncil/.devcouncil/benchmarks/20260914-v0.2.2/sem/gortex-DevCouncil/benchmarks/results/competition/20260912-52d63a1a/artifact-sha256.json",
      "file_path": "devcouncil-bench/benchmarks/results/competition/20260912-52d63a1a/artifact-sha256.json",
      "id": "devcouncil-bench/benchmarks/results/competition/20260912-52d63a1a/artifact-sha256.json::context-gitnexus-loadBounded-5.stdout",
      "kind": "variable",
      "name": "context-gitnexus-loadBounded-5.stdout",
      "project_id": "devcouncil-bench",
      "repo_prefix": "devcouncil-bench",
      "start_line": 79,
      "workspace_id": "devcouncil-bench"
    },
    {
      "absolute_file_path": "/Users/bharath/Code/devtools/DevCouncil/.devcouncil/benchmarks/20260914-v0.2.2/sem/gortex-DevCouncil/benchmarks/results/competition/20260912-52d63a1a/artifact-sha256.json",
      "file_path": "devcouncil-bench/benchmarks/results/competition/20260912-52d63a1a/artifact-sha256.json",
      "id": "devcouncil-bench/benchmarks/results/competition/20260912-52d63a1a/artifact-sha256.json::impact-devmap-loadBounded-2.stderr",
      "kind": "variable",
      "name": "impact-devmap-loadBounded-2.stderr",
      "project_id": "devcouncil-bench",
      "repo_prefix": "devcouncil-bench",
      "start_line": 124,
      "workspace_id": "devcouncil-bench"
    },
    {
      "absolute_file_path": "/Users/bharath/Code/devtools/DevCouncil/.devcouncil/benchmarks/20260914-v0.2.2/sem/gortex-DevCouncil/benchmarks/results/competition/20260912-52d63a1a/artifact-sha256.json",
      "file_path": "devcouncil-bench/benchmarks/results/competition/20260912-52d63a1a/artifact-sha256.json",
      "id": "devcouncil-bench/benchmarks/results/competition/20260912-52d63a1a/artifact-sha256.json::impact-devmap-loadBounded-1.stdout",
      "kind": "variable",
      "name": "impact-devmap-loadBounded-1.stdout",
      "project_id": "devcouncil-bench",
      "repo_prefix": "devcouncil-bench",
      "start_line": 123,
      "workspace_id": "devcouncil-bench"
    },
    {
      "absolute_file_path": "/Users/bharath/Code/devtools/DevCouncil/.devcouncil/benchmarks/20260914-v0.2.2/sem/gortex-DevCouncil/benchmarks/results/competition/20260912-52d63a1a/artifact-sha256.json",
      "file_path": "devcouncil-bench/benchmarks/results/competition/20260912-52d63a1a/artifact-sha256.json",
      "id": "devcouncil-bench/benchmarks/results/competition/20260912-52d63a1a/artifact-sha256.json::impact-devmap-loadBounded-2.stdout",
      "kind": "variable",
      "name": "impact-devmap-loadBounded-2.stdout",
      "project_id": "devcouncil-bench",
      "repo_prefix": "devcouncil-bench",
      "start_line": 125,
      "workspace_id": "devcouncil-bench"
    },
    {
      "absolute_file_path": "/Users/bharath/Code/devtools/DevCouncil/.devcouncil/benchmarks/20260914-v0.2.2/sem/gortex-DevCouncil/benchmarks/results/competition/20260912-52d63a1a/artifact-sha256.json",
      "file_path": "devcouncil-bench/benchmarks/results/competition/20260912-52d63a1a/artifact-sha256.json",
      "id": "devcouncil-bench/benchmarks/results/competition/20260912-52d63a1a/artifact-sha256.json::impact-devmap-loadBounded-4.stderr",
      "kind": "variable",
      "name": "impact-devmap-loadBounded-4.stderr",
      "project_id": "devcouncil-bench",
      "repo_prefix": "devcouncil-bench",
      "start_line": 128,
      "workspace_id": "devcouncil-bench"
    },
    {
      "absolute_file_path": "/Users/bharath/Code/devtools/DevCouncil/.devcouncil/benchmarks/20260914-v0.2.2/sem/gortex-DevCouncil/benchmarks/results/competition/20260912-52d63a1a/artifact-sha256.json",
      "file_path": "devcouncil-bench/benchmarks/results/competition/20260912-52d63a1a/artifact-sha256.json",
      "id": "devcouncil-bench/benchmarks/results/competition/20260912-52d63a1a/artifact-sha256.json::impact-devmap-loadBounded-3.stderr",
      "kind": "variable",
      "name": "impact-devmap-loadBounded-3.stderr",
      "project_id": "devcouncil-bench",
      "repo_prefix": "devcouncil-bench",
      "start_line": 126,
      "workspace_id": "devcouncil-bench"
    },
    {
      "absolute_file_path": "/Users/bharath/Code/devtools/DevCouncil/.devcouncil/benchmarks/20260914-v0.2.2/sem/gortex-DevCouncil/benchmarks/results/competition/20260912-52d63a1a/artifact-sha256.json",
      "file_path": "devcouncil-bench/benchmarks/results/competition/20260912-52d63a1a/artifact-sha256.json",
      "id": "devcouncil-bench/benchmarks/results/competition/20260912-52d63a1a/artifact-sha256.json::impact-devmap-loadBounded-4.stdout",
      "kind": "variable",
      "name": "impact-devmap-loadBounded-4.stdout",
      "project_id": "devcouncil-bench",
      "repo_prefix": "devcouncil-bench",
      "start_line": 129,
      "workspace_id": "devcouncil-bench"
    },
    {
      "absolute_file_path": "/Users/bharath/Code/devtools/DevCouncil/.devcouncil/benchmarks/20260914-v0.2.2/sem/gortex-DevCouncil/benchmarks/results/competition/20260912-52d63a1a/artifact-sha256.json",
      "file_path": "devcouncil-bench/benchmarks/results/competition/20260912-52d63a1a/artifact-sha256.json",
      "id": "devcouncil-bench/benchmarks/results/competition/20260912-52d63a1a/artifact-sha256.json::impact-devmap-loadBounded-5.stderr",
      "kind": "variable",
      "name": "impact-devmap-loadBounded-5.stderr",
      "project_id": "devcouncil-bench",
      "repo_prefix": "devcouncil-bench",
      "start_line": 130,
      "workspace_id": "devcouncil-bench"
    },
    {
      "absolute_file_path": "/Users/bharath/Code/devtools/DevCouncil/.devcouncil/benchmarks/20260914-v0.2.2/sem/gortex-DevCouncil/benchmarks/results/competition/20260912-52d63a1a/artifact-sha256.json",
      "file_path": "devcouncil-bench/benchmarks/results/competition/20260912-52d63a1a/artifact-sha256.json",
      "id": "devcouncil-bench/benchmarks/results/competition/20260912-52d63a1a/artifact-sha256.json::impact-devmap-loadBounded-3.stdout",
      "kind": "variable",
      "name": "impact-devmap-loadBounded-3.stdout",
      "project_id": "devcouncil-bench",
      "repo_prefix": "devcouncil-bench",
      "start_line": 127,
      "workspace_id": "devcouncil-bench"
    },
    {
      "absolute_file_path": "/Users/bharath/Code/devtools/DevCouncil/.devcouncil/benchmarks/20260914-v0.2.2/sem/gortex-DevCouncil/benchmarks/results/competition/20260912-52d63a1a/artifact-sha256.json",
      "file_path": "devcouncil-bench/benchmarks/results/competition/20260912-52d63a1a/artifact-sha256.json",
      "id": "devcouncil-bench/benchmarks/results/competition/20260912-52d63a1a/artifact-sha256.json::impact-gitnexus-loadBounded-1.stderr",
      "kind": "variable",
      "name": "impact-gitnexus-loadBounded-1.stderr",
      "project_id": "devcouncil-bench",
      "repo_prefix": "devcouncil-bench",
      "start_line": 152,
      "workspace_id": "devcouncil-bench"
    },
    {
      "absolute_file_path": "/Users/bharath/Code/devtools/DevCouncil/.devcouncil/benchmarks/20260914-v0.2.2/sem/gortex-DevCouncil/benchmarks/results/competition/20260912-52d63a1a/artifact-sha256.json",
      "file_path": "devcouncil-bench/benchmarks/results/competition/20260912-52d63a1a/artifact-sha256.json",
      "id": "devcouncil-bench/benchmarks/results/competition/20260912-52d63a1a/artifact-sha256.json::impact-devmap-loadBounded-5.stdout",
      "kind": "variable",
      "name": "impact-devmap-loadBounded-5.stdout",
      "project_id": "devcouncil-bench",
      "repo_prefix": "devcouncil-bench",
      "start_line": 131,
      "workspace_id": "devcouncil-bench"
    },
    {
      "absolute_file_path": "/Users/bharath/Code/devtools/DevCouncil/.devcouncil/benchmarks/20260914-v0.2.2/sem/gortex-DevCouncil/benchmarks/results/competition/20260912-52d63a1a/artifact-sha256.json",
      "file_path": "devcouncil-bench/benchmarks/results/competition/20260912-52d63a1a/artifact-sha256.json",
      "id": "devcouncil-bench/benchmarks/results/competition/20260912-52d63a1a/artifact-sha256.json::impact-gitnexus-loadBounded-2.stderr",
      "kind": "variable",
      "name": "impact-gitnexus-loadBounded-2.stderr",
      "project_id": "devcouncil-bench",
      "repo_prefix": "devcouncil-bench",
      "start_line": 154,
      "workspace_id": "devcouncil-bench"
    },
    {
      "absolute_file_path": "/Users/bharath/Code/devtools/DevCouncil/.devcouncil/benchmarks/20260914-v0.2.2/sem/gortex-DevCouncil/benchmarks/results/competition/20260912-52d63a1a/artifact-sha256.json",
      "file_path": "devcouncil-bench/benchmarks/results/competition/20260912-52d63a1a/artifact-sha256.json",
      "id": "devcouncil-bench/benchmarks/results/competition/20260912-52d63a1a/artifact-sha256.json::impact-gitnexus-loadBounded-1.stdout",
      "kind": "variable",
      "name": "impact-gitnexus-loadBounded-1.stdout",
      "project_id": "devcouncil-bench",
      "repo_prefix": "devcouncil-bench",
      "start_line": 153,
      "workspace_id": "devcouncil-bench"
    },
    {
      "absolute_file_path": "/Users/bharath/Code/devtools/DevCouncil/.devcouncil/benchmarks/20260914-v0.2.2/sem/gortex-DevCouncil/benchmarks/results/competition/20260912-52d63a1a/artifact-sha256.json",
      "file_path": "devcouncil-bench/benchmarks/results/competition/20260912-52d63a1a/artifact-sha256.json",
      "id": "devcouncil-bench/benchmarks/results/competition/20260912-52d63a1a/artifact-sha256.json::impact-gitnexus-loadBounded-4.stderr",
      "kind": "variable",
      "name": "impact-gitnexus-loadBounded-4.stderr",
      "project_id": "devcouncil-bench",
      "repo_prefix": "devcouncil-bench",
      "start_line": 158,
      "workspace_id": "devcouncil-bench"
    },
    {
      "absolute_file_path": "/Users/bharath/Code/devtools/DevCouncil/.devcouncil/benchmarks/20260914-v0.2.2/sem/gortex-DevCouncil/benchmarks/results/competition/20260912-52d63a1a/artifact-sha256.json",
      "file_path": "devcouncil-bench/benchmarks/results/competition/20260912-52d63a1a/artifact-sha256.json",
      "id": "devcouncil-bench/benchmarks/results/competition/20260912-52d63a1a/artifact-sha256.json::impact-gitnexus-loadBounded-2.stdout",
      "kind": "variable",
      "name": "impact-gitnexus-loadBounded-2.stdout",
      "project_id": "devcouncil-bench",
      "repo_prefix": "devcouncil-bench",
      "start_line": 155,
      "workspace_id": "devcouncil-bench"
    },
    {
      "absolute_file_path": "/Users/bharath/Code/devtools/DevCouncil/.devcouncil/benchmarks/20260914-v0.2.2/sem/gortex-DevCouncil/benchmarks/results/competition/20260912-52d63a1a/artifact-sha256.json",
      "file_path": "devcouncil-bench/benchmarks/results/competition/20260912-52d63a1a/artifact-sha256.json",
      "id": "devcouncil-bench/benchmarks/results/competition/20260912-52d63a1a/artifact-sha256.json::impact-gitnexus-loadBounded-3.stderr",
      "kind": "variable",
      "name": "impact-gitnexus-loadBounded-3.stderr",
      "project_id": "devcouncil-bench",
      "repo_prefix": "devcouncil-bench",
      "start_line": 156,
      "workspace_id": "devcouncil-bench"
    },
    {
      "absolute_file_path": "/Users/bharath/Code/devtools/DevCouncil/.devcouncil/benchmarks/20260914-v0.2.2/sem/gortex-DevCouncil/benchmarks/results/competition/20260912-52d63a1a/artifact-sha256.json",
      "file_path": "devcouncil-bench/benchmarks/results/competition/20260912-52d63a1a/artifact-sha256.json",
      "id": "devcouncil-bench/benchmarks/results/competition/20260912-52d63a1a/artifact-sha256.json::impact-gitnexus-loadBounded-4.stdout",
      "kind": "variable",
      "name": "impact-gitnexus-loadBounded-4.stdout",
      "project_id": "devcouncil-bench",
      "repo_prefix": "devcouncil-bench",
      "start_line": 159,
      "workspace_id": "devcouncil-bench"
    },
    {
      "absolute_file_path": "/Users/bharath/Code/devtools/DevCouncil/.devcouncil/benchmarks/20260914-v0.2.2/sem/gortex-DevCouncil/benchmarks/results/competition/20260912-52d63a1a/artifact-sha256.json",
      "file_path": "devcouncil-bench/benchmarks/results/competition/20260912-52d63a1a/artifact-sha256.json",
      "id": "devcouncil-bench/benchmarks/results/competition/20260912-52d63a1a/artifact-sha256.json::impact-gitnexus-loadBounded-5.stderr",
      "kind": "variable",
      "name": "impact-gitnexus-loadBounded-5.stderr",
      "project_id": "devcouncil-bench",
      "repo_prefix": "devcouncil-bench",
      "start_line": 160,
      "workspace_id": "devcouncil-bench"
    },
    {
      "absolute_file_path": "/Users/bharath/Code/devtools/DevCouncil/.devcouncil/benchmarks/20260914-v0.2.2/sem/gortex-DevCouncil/benchmarks/results/competition/20260912-52d63a1a/artifact-sha256.json",
      "file_path": "devcouncil-bench/benchmarks/results/competition/20260912-52d63a1a/artifact-sha256.json",
      "id": "devcouncil-bench/benchmarks/results/competition/20260912-52d63a1a/artifact-sha256.json::impact-gitnexus-loadBounded-3.stdout",
      "kind": "variable",
      "name": "impact-gitnexus-loadBounded-3.stdout",
      "project_id": "devcouncil-bench",
      "repo_prefix": "devcouncil-bench",
      "start_line": 157,
      "workspace_id": "devcouncil-bench"
    },
    {
      "absolute_file_path": "/Users/bharath/Code/devtools/DevCouncil/.devcouncil/benchmarks/20260914-v0.2.2/sem/gortex-DevCouncil/benchmarks/results/competition/20260912-52d63a1a/artifact-sha256.json",
      "file_path": "devcouncil-bench/benchmarks/results/competition/20260912-52d63a1a/artifact-sha256.json",
      "id": "devcouncil-bench/benchmarks/results/competition/20260912-52d63a1a/artifact-sha256.json::impact-gitnexus-loadBounded-5.stdout",
      "kind": "variable",
      "name": "impact-gitnexus-loadBounded-5.stdout",
      "project_id": "devcouncil-bench",
      "repo_prefix": "devcouncil-bench",
      "start_line": 161,
      "workspace_id": "devcouncil-bench"
    },
    {
      "absolute_file_path": "/Users/bharath/Code/devtools/DevCouncil/.devcouncil/benchmarks/20260914-v0.2.2/sem/gortex-DevCouncil/benchmarks/results/competition/20260912-52d63a1a/artifact-sha256.json",
      "file_path": "devcouncil-bench/benchmarks/results/competition/20260912-52d63a1a/artifact-sha256.json",
      "id": "devcouncil-bench/benchmarks/results/competition/20260912-52d63a1a/artifact-sha256.json::pilot-devmap-search-loadBounded.stderr",
      "kind": "variable",
      "name": "pilot-devmap-search-loadBounded.stderr",
      "project_id": "devcouncil-bench",
      "repo_prefix": "devcouncil-bench",
      "start_line": 175,
      "workspace_id": "devcouncil-bench"
    },
    {
      "absolute_file_path": "/Users/bharath/Code/devtools/DevCouncil/.devcouncil/benchmarks/20260914-v0.2.2/sem/gortex-DevCouncil/benchmarks/results/competition/20260912-52d63a1a/artifact-sha256.json",
      "file_path": "devcouncil-bench/benchmarks/results/competition/20260912-52d63a1a/artifact-sha256.json",
      "id": "devcouncil-bench/benchmarks/results/competition/20260912-52d63a1a/artifact-sha256.json::pilot-gitnexus-search-loadBounded.stderr",
      "kind": "variable",
      "name": "pilot-gitnexus-search-loadBounded.stderr",
      "project_id": "devcouncil-bench",
      "repo_prefix": "devcouncil-bench",
      "start_line": 183,
      "workspace_id": "devcouncil-bench"
    },
    {
      "absolute_file_path": "/Users/bharath/Code/devtools/DevCouncil/.devcouncil/benchmarks/20260914-v0.2.2/sem/gortex-DevCouncil/benchmarks/results/competition/20260912-52d63a1a/artifact-sha256.json",
      "file_path": "devcouncil-bench/benchmarks/results/competition/20260912-52d63a1a/artifact-sha256.json",
      "id": "devcouncil-bench/benchmarks/results/competition/20260912-52d63a1a/artifact-sha256.json::pilot-devmap-search-loadBounded.stdout",
      "kind": "variable",
      "name": "pilot-devmap-search-loadBounded.stdout",
      "project_id": "devcouncil-bench",
      "repo_prefix": "devcouncil-bench",
      "start_line": 176,
      "workspace_id": "devcouncil-bench"
    },
    {
      "absolute_file_path": "/Users/bharath/Code/devtools/DevCouncil/.devcouncil/benchmarks/20260914-v0.2.2/sem/gortex-DevCouncil/benchmarks/results/competition/20260912-52d63a1a/artifact-sha256.json",
      "file_path": "devcouncil-bench/benchmarks/results/competition/20260912-52d63a1a/artifact-sha256.json",
      "id": "devcouncil-bench/benchmarks/results/competition/20260912-52d63a1a/artifact-sha256.json::pilot-gitnexus-search-loadBounded.stdout",
      "kind": "variable",
      "name": "pilot-gitnexus-search-loadBounded.stdout",
      "project_id": "devcouncil-bench",
      "repo_prefix": "devcouncil-bench",
      "start_line": 184,
      "workspace_id": "devcouncil-bench"
    },
    {
      "absolute_file_path": "/Users/bharath/Code/devtools/DevCouncil/.devcouncil/benchmarks/20260914-v0.2.2/sem/gortex-DevCouncil/benchmarks/results/competition/20260912-52d63a1a/artifact-sha256.json",
      "file_path": "devcouncil-bench/benchmarks/results/competition/20260912-52d63a1a/artifact-sha256.json",
      "id": "devcouncil-bench/benchmarks/results/competition/20260912-52d63a1a/artifact-sha256.json::search-ripgrep-loadBounded-1.stderr",
      "kind": "variable",
      "name": "search-ripgrep-loadBounded-1.stderr",
      "project_id": "devcouncil-bench",
      "repo_prefix": "devcouncil-bench",
      "start_line": 234,
      "workspace_id": "devcouncil-bench"
    },
    {
      "absolute_file_path": "/Users/bharath/Code/devtools/DevCouncil/.devcouncil/benchmarks/20260914-v0.2.2/sem/gortex-DevCouncil/benchmarks/results/competition/20260912-52d63a1a/artifact-sha256.json",
      "file_path": "devcouncil-bench/benchmarks/results/competition/20260912-52d63a1a/artifact-sha256.json",
      "id": "devcouncil-bench/benchmarks/results/competition/20260912-52d63a1a/artifact-sha256.json::search-ripgrep-loadBounded-2.stderr",
      "kind": "variable",
      "name": "search-ripgrep-loadBounded-2.stderr",
      "project_id": "devcouncil-bench",
      "repo_prefix": "devcouncil-bench",
      "start_line": 236,
      "workspace_id": "devcouncil-bench"
    },
    {
      "absolute_file_path": "/Users/bharath/Code/devtools/DevCouncil/.devcouncil/benchmarks/20260914-v0.2.2/sem/gortex-DevCouncil/benchmarks/results/competition/20260912-52d63a1a/artifact-sha256.json",
      "file_path": "devcouncil-bench/benchmarks/results/competition/20260912-52d63a1a/artifact-sha256.json",
      "id": "devcouncil-bench/benchmarks/results/competition/20260912-52d63a1a/artifact-sha256.json::search-ripgrep-loadBounded-1.stdout",
      "kind": "variable",
      "name": "search-ripgrep-loadBounded-1.stdout",
      "project_id": "devcouncil-bench",
      "repo_prefix": "devcouncil-bench",
      "start_line": 235,
      "workspace_id": "devcouncil-bench"
    },
    {
      "absolute_file_path": "/Users/bharath/Code/devtools/DevCouncil/.devcouncil/benchmarks/20260914-v0.2.2/sem/gortex-DevCouncil/benchmarks/results/competition/20260912-52d63a1a/artifact-sha256.json",
      "file_path": "devcouncil-bench/benchmarks/results/competition/20260912-52d63a1a/artifact-sha256.json",
      "id": "devcouncil-bench/benchmarks/results/competition/20260912-52d63a1a/artifact-sha256.json::search-ripgrep-loadBounded-4.stderr",
      "kind": "variable",
      "name": "search-ripgrep-loadBounded-4.stderr",
      "project_id": "devcouncil-bench",
      "repo_prefix": "devcouncil-bench",
      "start_line": 240,
      "workspace_id": "devcouncil-bench"
    },
    {
      "absolute_file_path": "/Users/bharath/Code/devtools/DevCouncil/.devcouncil/benchmarks/20260914-v0.2.2/sem/gortex-DevCouncil/benchmarks/results/competition/20260912-52d63a1a/artifact-sha256.json",
      "file_path": "devcouncil-bench/benchmarks/results/competition/20260912-52d63a1a/artifact-sha256.json",
      "id": "devcouncil-bench/benchmarks/results/competition/20260912-52d63a1a/artifact-sha256.json::search-ripgrep-loadBounded-2.stdout",
      "kind": "variable",
      "name": "search-ripgrep-loadBounded-2.stdout",
      "project_id": "devcouncil-bench",
      "repo_prefix": "devcouncil-bench",
      "start_line": 237,
      "workspace_id": "devcouncil-bench"
    },
    {
      "absolute_file_path": "/Users/bharath/Code/devtools/DevCouncil/.devcouncil/benchmarks/20260914-v0.2.2/sem/gortex-DevCouncil/benchmarks/results/competition/20260912-52d63a1a/artifact-sha256.json",
      "file_path": "devcouncil-bench/benchmarks/results/competition/20260912-52d63a1a/artifact-sha256.json",
      "id": "devcouncil-bench/benchmarks/results/competition/20260912-52d63a1a/artifact-sha256.json::search-ripgrep-loadBounded-4.stdout",
      "kind": "variable",
      "name": "search-ripgrep-loadBounded-4.stdout",
      "project_id": "devcouncil-bench",
      "repo_prefix": "devcouncil-bench",
      "start_line": 241,
      "workspace_id": "devcouncil-bench"
    },
    {
      "absolute_file_path": "/Users/bharath/Code/devtools/DevCouncil/.devcouncil/benchmarks/20260914-v0.2.2/sem/gortex-DevCouncil/benchmarks/results/competition/20260912-52d63a1a/artifact-sha256.json",
      "file_path": "devcouncil-bench/benchmarks/results/competition/20260912-52d63a1a/artifact-sha256.json",
      "id": "devcouncil-bench/benchmarks/results/competition/20260912-52d63a1a/artifact-sha256.json::search-ripgrep-loadBounded-3.stderr",
      "kind": "variable",
      "name": "search-ripgrep-loadBounded-3.stderr",
      "project_id": "devcouncil-bench",
      "repo_prefix": "devcouncil-bench",
      "start_line": 238,
      "workspace_id": "devcouncil-bench"
    },
    {
      "absolute_file_path": "/Users/bharath/Code/devtools/DevCouncil/.devcouncil/benchmarks/20260914-v0.2.2/sem/gortex-DevCouncil/benchmarks/results/competition/20260912-52d63a1a/artifact-sha256.json",
      "file_path": "devcouncil-bench/benchmarks/results/competition/20260912-52d63a1a/artifact-sha256.json",
      "id": "devcouncil-bench/benchmarks/results/competition/20260912-52d63a1a/artifact-sha256.json::search-ripgrep-loadBounded-5.stderr",
      "kind": "variable",
      "name": "search-ripgrep-loadBounded-5.stderr",
      "project_id": "devcouncil-bench",
      "repo_prefix": "devcouncil-bench",
      "start_line": 242,
      "workspace_id": "devcouncil-bench"
    },
    {
      "absolute_file_path": "/Users/bharath/Code/devtools/DevCouncil/.devcouncil/benchmarks/20260914-v0.2.2/sem/gortex-DevCouncil/benchmarks/results/competition/20260912-52d63a1a/artifact-sha256.json",
      "file_path": "devcouncil-bench/benchmarks/results/competition/20260912-52d63a1a/artifact-sha256.json",
      "id": "devcouncil-bench/benchmarks/results/competition/20260912-52d63a1a/artifact-sha256.json::search-ripgrep-loadBounded-3.stdout",
      "kind": "variable",
      "name": "search-ripgrep-loadBounded-3.stdout",
      "project_id": "devcouncil-bench",
      "repo_prefix": "devcouncil-bench",
      "start_line": 239,
      "workspace_id": "devcouncil-bench"
    },
    {
      "absolute_file_path": "/Users/bharath/Code/devtools/DevCouncil/.devcouncil/benchmarks/20260914-v0.2.2/sem/gortex-DevCouncil/benchmarks/results/competition/20260912-52d63a1a/artifact-sha256.json",
      "file_path": "devcouncil-bench/benchmarks/results/competition/20260912-52d63a1a/artifact-sha256.json",
      "id": "devcouncil-bench/benchmarks/results/competition/20260912-52d63a1a/artifact-sha256.json::search-ripgrep-loadBounded-5.stdout",
      "kind": "variable",
      "name": "search-ripgrep-loadBounded-5.stdout",
      "project_id": "devcouncil-bench",
      "repo_prefix": "devcouncil-bench",
      "start_line": 243,
      "workspace_id": "devcouncil-bench"
    }
  ],
  "total": 55,
  "truncated": false
}
