[
  {
    "node": {
      "id": "function:b7bd1556dc158eebe0a7b3db13c6e108",
      "kind": "function",
      "name": "loadBounded",
      "qualifiedName": "loadBounded",
      "filePath": "backend/go_orchestrator/repomap/repomap.go",
      "language": "go",
      "startLine": 331,
      "endLine": 357,
      "startColumn": 0,
      "endColumn": 1,
      "docstring": "loadBounded is Load with the bound as an argument, so a test can drive the\nrefusal without producing a quarter of a gigabyte to reach it.",
      "signature": "(graphPath string, max int64) (*Map, error)",
      "visibility": null,
      "isExported": false,
      "isAsync": false,
      "isStatic": false,
      "isAbstract": false,
      "returnType": "Map",
      "updatedAt": 1789389384190
    },
    "score": 104.87727298417158
  },
  {
    "node": {
      "id": "variable:6a6ee086c8f7a9d0ed57f2c3250add85",
      "kind": "variable",
      "name": "TARGETS",
      "qualifiedName": "TARGETS",
      "filePath": "benchmarks/results/competition/20260913-48cd3c7/write_report.py",
      "language": "python",
      "startLine": 14,
      "endLine": 14,
      "startColumn": 0,
      "endColumn": 66,
      "signature": "= ['db_size_gate_bytes', 'loadBounded', 'describe_corpus']",
      "visibility": null,
      "isExported": false,
      "isAsync": false,
      "isStatic": false,
      "isAbstract": false,
      "updatedAt": 1789389384207
    },
    "score": -1.31690639729986
  },
  {
    "node": {
      "id": "variable:9cd76518c8155994a1d717f9a1af6a9d",
      "kind": "variable",
      "name": "TARGETS",
      "qualifiedName": "TARGETS",
      "filePath": "benchmarks/results/competition/20260913-v0.2.1/write_report.py",
      "language": "python",
      "startLine": 13,
      "endLine": 13,
      "startColumn": 0,
      "endColumn": 66,
      "signature": "= ['db_size_gate_bytes', 'loadBounded', 'describe_corpus']",
      "visibility": null,
      "isExported": false,
      "isAsync": false,
      "isStatic": false,
      "isAbstract": false,
      "updatedAt": 1789389384212
    },
    "score": -1.31690639729986
  },
  {
    "node": {
      "id": "variable:c813c0c924de07867b5557918b4508f3",
      "kind": "variable",
      "name": "TARGETS",
      "qualifiedName": "TARGETS",
      "filePath": "benchmarks/results/competition/20260912-52d63a1a/run_comparison.py",
      "language": "python",
      "startLine": 10,
      "endLine": 14,
      "startColumn": 0,
      "endColumn": 1,
      "signature": "= {\n    'db_size_gate_bytes': 'rust/devmap-extract/src/model.rs',\n    'loadBounded': 'backend/go_orche...",
      "visibility": null,
      "isExported": false,
      "isAsync": false,
      "isStatic": false,
      "isAbstract": false,
      "updatedAt": 1789389384196
    },
    "score": -2.3361493035014167
  },
  {
    "node": {
      "id": "variable:bd3ffcb5734562bb1daffed1307c1aeb",
      "kind": "variable",
      "name": "PATHS",
      "qualifiedName": "PATHS",
      "filePath": "benchmarks/results/competition/20260912-52d63a1a/audit_results.py",
      "language": "python",
      "startLine": 19,
      "endLine": 19,
      "startColumn": 0,
      "endColumn": 166,
      "signature": "= {'db_size_gate_bytes':'rust/devmap-extract/src/model.rs','loadBounded':'backend/go_orchestrator/repo...",
      "visibility": null,
      "isExported": false,
      "isAsync": false,
      "isStatic": false,
      "isAbstract": false,
      "updatedAt": 1789389384195
    },
    "score": -2.4674166498866814
  },
  {
    "node": {
      "id": "variable:5e31b7989e653e2b85eb60101a339ffa",
      "kind": "variable",
      "name": "PATHS",
      "qualifiedName": "PATHS",
      "filePath": "benchmarks/results/competition/20260912-expanded/audit_results.py",
      "language": "python",
      "startLine": 6,
      "endLine": 6,
      "startColumn": 0,
      "endColumn": 166,
      "signature": "= {'db_size_gate_bytes':'rust/devmap-extract/src/model.rs','loadBounded':'backend/go_orchestrator/repo...",
      "visibility": null,
      "isExported": false,
      "isAsync": false,
      "isStatic": false,
      "isAbstract": false,
      "updatedAt": 1789389384197
    },
    "score": -2.4674166498866814
  },
  {
    "node": {
      "id": "variable:5cf579f0940c3229963ed36e1daa18cd",
      "kind": "variable",
      "name": "TARGETS",
      "qualifiedName": "TARGETS",
      "filePath": "benchmarks/results/competition/20260912-expanded/run_expanded.py",
      "language": "python",
      "startLine": 8,
      "endLine": 8,
      "startColumn": 0,
      "endColumn": 168,
      "signature": "= {'db_size_gate_bytes':'rust/devmap-extract/src/model.rs','loadBounded':'backend/go_orchestrator/repo...",
      "visibility": null,
      "isExported": false,
      "isAsync": false,
      "isStatic": false,
      "isAbstract": false,
      "updatedAt": 1789389384200
    },
    "score": -2.4674166498866814
  },
  {
    "node": {
      "id": "variable:535c794628556181dd05b9e45d061b90",
      "kind": "variable",
      "name": "PATHS",
      "qualifiedName": "PATHS",
      "filePath": "benchmarks/results/competition/20260913-48cd3c7/audit_results.py",
      "language": "python",
      "startLine": 6,
      "endLine": 6,
      "startColumn": 0,
      "endColumn": 166,
      "signature": "= {'db_size_gate_bytes':'rust/devmap-extract/src/model.rs','loadBounded':'backend/go_orchestrator/repo...",
      "visibility": null,
      "isExported": false,
      "isAsync": false,
      "isStatic": false,
      "isAbstract": false,
      "updatedAt": 1789389384204
    },
    "score": -2.4674166498866814
  },
  {
    "node": {
      "id": "variable:b4396e356793a6c0c785033ee905b14f",
      "kind": "variable",
      "name": "TARGETS",
      "qualifiedName": "TARGETS",
      "filePath": "benchmarks/results/competition/20260913-48cd3c7/run_expanded.py",
      "language": "python",
      "startLine": 8,
      "endLine": 8,
      "startColumn": 0,
      "endColumn": 168,
      "signature": "= {'db_size_gate_bytes':'rust/devmap-extract/src/model.rs','loadBounded':'backend/go_orchestrator/repo...",
      "visibility": null,
      "isExported": false,
      "isAsync": false,
      "isStatic": false,
      "isAbstract": false,
      "updatedAt": 1789389384204
    },
    "score": -2.4674166498866814
  },
  {
    "node": {
      "id": "variable:857f51d17b8f9edcbf2c988e1b6da10d",
      "kind": "variable",
      "name": "PATHS",
      "qualifiedName": "PATHS",
      "filePath": "benchmarks/results/competition/20260913-v0.2.1/audit_results.py",
      "language": "python",
      "startLine": 6,
      "endLine": 6,
      "startColumn": 0,
      "endColumn": 166,
      "signature": "= {'db_size_gate_bytes':'rust/devmap-extract/src/model.rs','loadBounded':'backend/go_orchestrator/repo...",
      "visibility": null,
      "isExported": false,
      "isAsync": false,
      "isStatic": false,
      "isAbstract": false,
      "updatedAt": 1789389384208
    },
    "score": -2.4674166498866814
  },
  {
    "node": {
      "id": "variable:96c7488645d1a10b6850fbc59f1e6561",
      "kind": "variable",
      "name": "TARGETS",
      "qualifiedName": "TARGETS",
      "filePath": "benchmarks/results/competition/20260913-v0.2.1/run_expanded.py",
      "language": "python",
      "startLine": 8,
      "endLine": 8,
      "startColumn": 0,
      "endColumn": 168,
      "signature": "= {'db_size_gate_bytes':'rust/devmap-extract/src/model.rs','loadBounded':'backend/go_orchestrator/repo...",
      "visibility": null,
      "isExported": false,
      "isAsync": false,
      "isStatic": false,
      "isAbstract": false,
      "updatedAt": 1789389384208
    },
    "score": -2.4674166498866814
  },
  {
    "node": {
      "id": "variable:ebc90cf350874115f6ceb8dc6dd1961d",
      "kind": "variable",
      "name": "vals",
      "qualifiedName": "vals",
      "filePath": "benchmarks/results/competition/20260912-expanded/write_report.py",
      "language": "python",
      "startLine": 48,
      "endLine": 48,
      "startColumn": 1,
      "endColumn": 122,
      "signature": "= [mid(t,s,target) for s in ['search','callers'] for target in ['db_size_gate_bytes','loadBounded','de...",
      "visibility": null,
      "isExported": false,
      "isAsync": false,
      "isStatic": false,
      "isAbstract": false,
      "updatedAt": 1789389384203
    },
    "score": -2.842519115121357
  }
]
