{
  "query_class": "symbol",
  "results": [
    {
      "absolute_file_path": "/Users/bharath/Code/devtools/DevCouncil/.devcouncil/benchmarks/20260914-v0.2.2/sem/gortex-DevCouncil/rust/devmap-extract/src/model.rs",
      "file_path": "devcouncil-bench/rust/devmap-extract/src/model.rs",
      "id": "devcouncil-bench/rust/devmap-extract/src/model.rs::db_size_gate_bytes",
      "kind": "function",
      "name": "db_size_gate_bytes",
      "project_id": "devcouncil-bench",
      "repo_prefix": "devcouncil-bench",
      "start_line": 225,
      "visibility": "public",
      "workspace_id": "devcouncil-bench"
    },
    {
      "absolute_file_path": "/Users/bharath/Code/devtools/DevCouncil/.devcouncil/benchmarks/20260914-v0.2.2/sem/gortex-DevCouncil/benchmarks/results/competition/20260912-52d63a1a/artifact-sha256.json",
      "file_path": "devcouncil-bench/benchmarks/results/competition/20260912-52d63a1a/artifact-sha256.json",
      "id": "devcouncil-bench/benchmarks/results/competition/20260912-52d63a1a/artifact-sha256.json::context-devmap-db_size_gate_bytes-1.stdout",
      "kind": "variable",
      "name": "context-devmap-db_size_gate_bytes-1.stdout",
      "project_id": "devcouncil-bench",
      "repo_prefix": "devcouncil-bench",
      "start_line": 21,
      "workspace_id": "devcouncil-bench"
    },
    {
      "absolute_file_path": "/Users/bharath/Code/devtools/DevCouncil/.devcouncil/benchmarks/20260914-v0.2.2/sem/gortex-DevCouncil/benchmarks/results/competition/20260912-52d63a1a/artifact-sha256.json",
      "file_path": "devcouncil-bench/benchmarks/results/competition/20260912-52d63a1a/artifact-sha256.json",
      "id": "devcouncil-bench/benchmarks/results/competition/20260912-52d63a1a/artifact-sha256.json::context-devmap-db_size_gate_bytes-1.stderr",
      "kind": "variable",
      "name": "context-devmap-db_size_gate_bytes-1.stderr",
      "project_id": "devcouncil-bench",
      "repo_prefix": "devcouncil-bench",
      "start_line": 20,
      "workspace_id": "devcouncil-bench"
    },
    {
      "absolute_file_path": "/Users/bharath/Code/devtools/DevCouncil/.devcouncil/benchmarks/20260914-v0.2.2/sem/gortex-DevCouncil/benchmarks/results/competition/20260912-52d63a1a/artifact-sha256.json",
      "file_path": "devcouncil-bench/benchmarks/results/competition/20260912-52d63a1a/artifact-sha256.json",
      "id": "devcouncil-bench/benchmarks/results/competition/20260912-52d63a1a/artifact-sha256.json::context-devmap-db_size_gate_bytes-2.stdout",
      "kind": "variable",
      "name": "context-devmap-db_size_gate_bytes-2.stdout",
      "project_id": "devcouncil-bench",
      "repo_prefix": "devcouncil-bench",
      "start_line": 23,
      "workspace_id": "devcouncil-bench"
    },
    {
      "absolute_file_path": "/Users/bharath/Code/devtools/DevCouncil/.devcouncil/benchmarks/20260914-v0.2.2/sem/gortex-DevCouncil/benchmarks/results/competition/20260912-52d63a1a/artifact-sha256.json",
      "file_path": "devcouncil-bench/benchmarks/results/competition/20260912-52d63a1a/artifact-sha256.json",
      "id": "devcouncil-bench/benchmarks/results/competition/20260912-52d63a1a/artifact-sha256.json::context-devmap-db_size_gate_bytes-2.stderr",
      "kind": "variable",
      "name": "context-devmap-db_size_gate_bytes-2.stderr",
      "project_id": "devcouncil-bench",
      "repo_prefix": "devcouncil-bench",
      "start_line": 22,
      "workspace_id": "devcouncil-bench"
    },
    {
      "absolute_file_path": "/Users/bharath/Code/devtools/DevCouncil/.devcouncil/benchmarks/20260914-v0.2.2/sem/gortex-DevCouncil/benchmarks/results/competition/20260912-52d63a1a/artifact-sha256.json",
      "file_path": "devcouncil-bench/benchmarks/results/competition/20260912-52d63a1a/artifact-sha256.json",
      "id": "devcouncil-bench/benchmarks/results/competition/20260912-52d63a1a/artifact-sha256.json::context-devmap-db_size_gate_bytes-3.stdout",
      "kind": "variable",
      "name": "context-devmap-db_size_gate_bytes-3.stdout",
      "project_id": "devcouncil-bench",
      "repo_prefix": "devcouncil-bench",
      "start_line": 25,
      "workspace_id": "devcouncil-bench"
    },
    {
      "absolute_file_path": "/Users/bharath/Code/devtools/DevCouncil/.devcouncil/benchmarks/20260914-v0.2.2/sem/gortex-DevCouncil/benchmarks/results/competition/20260912-52d63a1a/artifact-sha256.json",
      "file_path": "devcouncil-bench/benchmarks/results/competition/20260912-52d63a1a/artifact-sha256.json",
      "id": "devcouncil-bench/benchmarks/results/competition/20260912-52d63a1a/artifact-sha256.json::context-devmap-db_size_gate_bytes-3.stderr",
      "kind": "variable",
      "name": "context-devmap-db_size_gate_bytes-3.stderr",
      "project_id": "devcouncil-bench",
      "repo_prefix": "devcouncil-bench",
      "start_line": 24,
      "workspace_id": "devcouncil-bench"
    },
    {
      "absolute_file_path": "/Users/bharath/Code/devtools/DevCouncil/.devcouncil/benchmarks/20260914-v0.2.2/sem/gortex-DevCouncil/benchmarks/results/competition/20260912-52d63a1a/artifact-sha256.json",
      "file_path": "devcouncil-bench/benchmarks/results/competition/20260912-52d63a1a/artifact-sha256.json",
      "id": "devcouncil-bench/benchmarks/results/competition/20260912-52d63a1a/artifact-sha256.json::context-devmap-db_size_gate_bytes-4.stderr",
      "kind": "variable",
      "name": "context-devmap-db_size_gate_bytes-4.stderr",
      "project_id": "devcouncil-bench",
      "repo_prefix": "devcouncil-bench",
      "start_line": 26,
      "workspace_id": "devcouncil-bench"
    },
    {
      "absolute_file_path": "/Users/bharath/Code/devtools/DevCouncil/.devcouncil/benchmarks/20260914-v0.2.2/sem/gortex-DevCouncil/benchmarks/results/competition/20260912-52d63a1a/artifact-sha256.json",
      "file_path": "devcouncil-bench/benchmarks/results/competition/20260912-52d63a1a/artifact-sha256.json",
      "id": "devcouncil-bench/benchmarks/results/competition/20260912-52d63a1a/artifact-sha256.json::context-devmap-db_size_gate_bytes-4.stdout",
      "kind": "variable",
      "name": "context-devmap-db_size_gate_bytes-4.stdout",
      "project_id": "devcouncil-bench",
      "repo_prefix": "devcouncil-bench",
      "start_line": 27,
      "workspace_id": "devcouncil-bench"
    },
    {
      "absolute_file_path": "/Users/bharath/Code/devtools/DevCouncil/.devcouncil/benchmarks/20260914-v0.2.2/sem/gortex-DevCouncil/benchmarks/results/competition/20260912-52d63a1a/artifact-sha256.json",
      "file_path": "devcouncil-bench/benchmarks/results/competition/20260912-52d63a1a/artifact-sha256.json",
      "id": "devcouncil-bench/benchmarks/results/competition/20260912-52d63a1a/artifact-sha256.json::context-gitnexus-db_size_gate_bytes-1.stdout",
      "kind": "variable",
      "name": "context-gitnexus-db_size_gate_bytes-1.stdout",
      "project_id": "devcouncil-bench",
      "repo_prefix": "devcouncil-bench",
      "start_line": 51,
      "workspace_id": "devcouncil-bench"
    },
    {
      "absolute_file_path": "/Users/bharath/Code/devtools/DevCouncil/.devcouncil/benchmarks/20260914-v0.2.2/sem/gortex-DevCouncil/benchmarks/results/competition/20260912-52d63a1a/artifact-sha256.json",
      "file_path": "devcouncil-bench/benchmarks/results/competition/20260912-52d63a1a/artifact-sha256.json",
      "id": "devcouncil-bench/benchmarks/results/competition/20260912-52d63a1a/artifact-sha256.json::context-gitnexus-db_size_gate_bytes-1.stderr",
      "kind": "variable",
      "name": "context-gitnexus-db_size_gate_bytes-1.stderr",
      "project_id": "devcouncil-bench",
      "repo_prefix": "devcouncil-bench",
      "start_line": 50,
      "workspace_id": "devcouncil-bench"
    },
    {
      "absolute_file_path": "/Users/bharath/Code/devtools/DevCouncil/.devcouncil/benchmarks/20260914-v0.2.2/sem/gortex-DevCouncil/benchmarks/results/competition/20260912-52d63a1a/artifact-sha256.json",
      "file_path": "devcouncil-bench/benchmarks/results/competition/20260912-52d63a1a/artifact-sha256.json",
      "id": "devcouncil-bench/benchmarks/results/competition/20260912-52d63a1a/artifact-sha256.json::context-devmap-db_size_gate_bytes-5.stdout",
      "kind": "variable",
      "name": "context-devmap-db_size_gate_bytes-5.stdout",
      "project_id": "devcouncil-bench",
      "repo_prefix": "devcouncil-bench",
      "start_line": 29,
      "workspace_id": "devcouncil-bench"
    },
    {
      "absolute_file_path": "/Users/bharath/Code/devtools/DevCouncil/.devcouncil/benchmarks/20260914-v0.2.2/sem/gortex-DevCouncil/benchmarks/results/competition/20260912-52d63a1a/artifact-sha256.json",
      "file_path": "devcouncil-bench/benchmarks/results/competition/20260912-52d63a1a/artifact-sha256.json",
      "id": "devcouncil-bench/benchmarks/results/competition/20260912-52d63a1a/artifact-sha256.json::context-gitnexus-db_size_gate_bytes-2.stdout",
      "kind": "variable",
      "name": "context-gitnexus-db_size_gate_bytes-2.stdout",
      "project_id": "devcouncil-bench",
      "repo_prefix": "devcouncil-bench",
      "start_line": 53,
      "workspace_id": "devcouncil-bench"
    },
    {
      "absolute_file_path": "/Users/bharath/Code/devtools/DevCouncil/.devcouncil/benchmarks/20260914-v0.2.2/sem/gortex-DevCouncil/benchmarks/results/competition/20260912-52d63a1a/artifact-sha256.json",
      "file_path": "devcouncil-bench/benchmarks/results/competition/20260912-52d63a1a/artifact-sha256.json",
      "id": "devcouncil-bench/benchmarks/results/competition/20260912-52d63a1a/artifact-sha256.json::context-devmap-db_size_gate_bytes-5.stderr",
      "kind": "variable",
      "name": "context-devmap-db_size_gate_bytes-5.stderr",
      "project_id": "devcouncil-bench",
      "repo_prefix": "devcouncil-bench",
      "start_line": 28,
      "workspace_id": "devcouncil-bench"
    },
    {
      "absolute_file_path": "/Users/bharath/Code/devtools/DevCouncil/.devcouncil/benchmarks/20260914-v0.2.2/sem/gortex-DevCouncil/benchmarks/results/competition/20260912-52d63a1a/artifact-sha256.json",
      "file_path": "devcouncil-bench/benchmarks/results/competition/20260912-52d63a1a/artifact-sha256.json",
      "id": "devcouncil-bench/benchmarks/results/competition/20260912-52d63a1a/artifact-sha256.json::context-gitnexus-db_size_gate_bytes-2.stderr",
      "kind": "variable",
      "name": "context-gitnexus-db_size_gate_bytes-2.stderr",
      "project_id": "devcouncil-bench",
      "repo_prefix": "devcouncil-bench",
      "start_line": 52,
      "workspace_id": "devcouncil-bench"
    },
    {
      "absolute_file_path": "/Users/bharath/Code/devtools/DevCouncil/.devcouncil/benchmarks/20260914-v0.2.2/sem/gortex-DevCouncil/benchmarks/results/competition/20260912-52d63a1a/artifact-sha256.json",
      "file_path": "devcouncil-bench/benchmarks/results/competition/20260912-52d63a1a/artifact-sha256.json",
      "id": "devcouncil-bench/benchmarks/results/competition/20260912-52d63a1a/artifact-sha256.json::context-gitnexus-db_size_gate_bytes-3.stdout",
      "kind": "variable",
      "name": "context-gitnexus-db_size_gate_bytes-3.stdout",
      "project_id": "devcouncil-bench",
      "repo_prefix": "devcouncil-bench",
      "start_line": 55,
      "workspace_id": "devcouncil-bench"
    },
    {
      "absolute_file_path": "/Users/bharath/Code/devtools/DevCouncil/.devcouncil/benchmarks/20260914-v0.2.2/sem/gortex-DevCouncil/benchmarks/results/competition/20260912-52d63a1a/artifact-sha256.json",
      "file_path": "devcouncil-bench/benchmarks/results/competition/20260912-52d63a1a/artifact-sha256.json",
      "id": "devcouncil-bench/benchmarks/results/competition/20260912-52d63a1a/artifact-sha256.json::context-gitnexus-db_size_gate_bytes-3.stderr",
      "kind": "variable",
      "name": "context-gitnexus-db_size_gate_bytes-3.stderr",
      "project_id": "devcouncil-bench",
      "repo_prefix": "devcouncil-bench",
      "start_line": 54,
      "workspace_id": "devcouncil-bench"
    },
    {
      "absolute_file_path": "/Users/bharath/Code/devtools/DevCouncil/.devcouncil/benchmarks/20260914-v0.2.2/sem/gortex-DevCouncil/benchmarks/results/competition/20260912-52d63a1a/artifact-sha256.json",
      "file_path": "devcouncil-bench/benchmarks/results/competition/20260912-52d63a1a/artifact-sha256.json",
      "id": "devcouncil-bench/benchmarks/results/competition/20260912-52d63a1a/artifact-sha256.json::context-gitnexus-db_size_gate_bytes-4.stdout",
      "kind": "variable",
      "name": "context-gitnexus-db_size_gate_bytes-4.stdout",
      "project_id": "devcouncil-bench",
      "repo_prefix": "devcouncil-bench",
      "start_line": 57,
      "workspace_id": "devcouncil-bench"
    },
    {
      "absolute_file_path": "/Users/bharath/Code/devtools/DevCouncil/.devcouncil/benchmarks/20260914-v0.2.2/sem/gortex-DevCouncil/benchmarks/results/competition/20260912-52d63a1a/artifact-sha256.json",
      "file_path": "devcouncil-bench/benchmarks/results/competition/20260912-52d63a1a/artifact-sha256.json",
      "id": "devcouncil-bench/benchmarks/results/competition/20260912-52d63a1a/artifact-sha256.json::context-gitnexus-db_size_gate_bytes-4.stderr",
      "kind": "variable",
      "name": "context-gitnexus-db_size_gate_bytes-4.stderr",
      "project_id": "devcouncil-bench",
      "repo_prefix": "devcouncil-bench",
      "start_line": 56,
      "workspace_id": "devcouncil-bench"
    },
    {
      "absolute_file_path": "/Users/bharath/Code/devtools/DevCouncil/.devcouncil/benchmarks/20260914-v0.2.2/sem/gortex-DevCouncil/benchmarks/results/competition/20260912-52d63a1a/artifact-sha256.json",
      "file_path": "devcouncil-bench/benchmarks/results/competition/20260912-52d63a1a/artifact-sha256.json",
      "id": "devcouncil-bench/benchmarks/results/competition/20260912-52d63a1a/artifact-sha256.json::context-gitnexus-db_size_gate_bytes-5.stdout",
      "kind": "variable",
      "name": "context-gitnexus-db_size_gate_bytes-5.stdout",
      "project_id": "devcouncil-bench",
      "repo_prefix": "devcouncil-bench",
      "start_line": 59,
      "workspace_id": "devcouncil-bench"
    },
    {
      "absolute_file_path": "/Users/bharath/Code/devtools/DevCouncil/.devcouncil/benchmarks/20260914-v0.2.2/sem/gortex-DevCouncil/benchmarks/results/competition/20260912-52d63a1a/artifact-sha256.json",
      "file_path": "devcouncil-bench/benchmarks/results/competition/20260912-52d63a1a/artifact-sha256.json",
      "id": "devcouncil-bench/benchmarks/results/competition/20260912-52d63a1a/artifact-sha256.json::context-gitnexus-db_size_gate_bytes-5.stderr",
      "kind": "variable",
      "name": "context-gitnexus-db_size_gate_bytes-5.stderr",
      "project_id": "devcouncil-bench",
      "repo_prefix": "devcouncil-bench",
      "start_line": 58,
      "workspace_id": "devcouncil-bench"
    },
    {
      "absolute_file_path": "/Users/bharath/Code/devtools/DevCouncil/.devcouncil/benchmarks/20260914-v0.2.2/sem/gortex-DevCouncil/benchmarks/results/competition/20260912-52d63a1a/artifact-sha256.json",
      "file_path": "devcouncil-bench/benchmarks/results/competition/20260912-52d63a1a/artifact-sha256.json",
      "id": "devcouncil-bench/benchmarks/results/competition/20260912-52d63a1a/artifact-sha256.json::impact-devmap-db_size_gate_bytes-1.stdout",
      "kind": "variable",
      "name": "impact-devmap-db_size_gate_bytes-1.stdout",
      "project_id": "devcouncil-bench",
      "repo_prefix": "devcouncil-bench",
      "start_line": 103,
      "workspace_id": "devcouncil-bench"
    },
    {
      "absolute_file_path": "/Users/bharath/Code/devtools/DevCouncil/.devcouncil/benchmarks/20260914-v0.2.2/sem/gortex-DevCouncil/benchmarks/results/competition/20260912-52d63a1a/artifact-sha256.json",
      "file_path": "devcouncil-bench/benchmarks/results/competition/20260912-52d63a1a/artifact-sha256.json",
      "id": "devcouncil-bench/benchmarks/results/competition/20260912-52d63a1a/artifact-sha256.json::impact-devmap-db_size_gate_bytes-2.stdout",
      "kind": "variable",
      "name": "impact-devmap-db_size_gate_bytes-2.stdout",
      "project_id": "devcouncil-bench",
      "repo_prefix": "devcouncil-bench",
      "start_line": 105,
      "workspace_id": "devcouncil-bench"
    },
    {
      "absolute_file_path": "/Users/bharath/Code/devtools/DevCouncil/.devcouncil/benchmarks/20260914-v0.2.2/sem/gortex-DevCouncil/benchmarks/results/competition/20260912-52d63a1a/artifact-sha256.json",
      "file_path": "devcouncil-bench/benchmarks/results/competition/20260912-52d63a1a/artifact-sha256.json",
      "id": "devcouncil-bench/benchmarks/results/competition/20260912-52d63a1a/artifact-sha256.json::impact-devmap-db_size_gate_bytes-1.stderr",
      "kind": "variable",
      "name": "impact-devmap-db_size_gate_bytes-1.stderr",
      "project_id": "devcouncil-bench",
      "repo_prefix": "devcouncil-bench",
      "start_line": 102,
      "workspace_id": "devcouncil-bench"
    },
    {
      "absolute_file_path": "/Users/bharath/Code/devtools/DevCouncil/.devcouncil/benchmarks/20260914-v0.2.2/sem/gortex-DevCouncil/benchmarks/results/competition/20260912-52d63a1a/artifact-sha256.json",
      "file_path": "devcouncil-bench/benchmarks/results/competition/20260912-52d63a1a/artifact-sha256.json",
      "id": "devcouncil-bench/benchmarks/results/competition/20260912-52d63a1a/artifact-sha256.json::impact-devmap-db_size_gate_bytes-3.stdout",
      "kind": "variable",
      "name": "impact-devmap-db_size_gate_bytes-3.stdout",
      "project_id": "devcouncil-bench",
      "repo_prefix": "devcouncil-bench",
      "start_line": 107,
      "workspace_id": "devcouncil-bench"
    },
    {
      "absolute_file_path": "/Users/bharath/Code/devtools/DevCouncil/.devcouncil/benchmarks/20260914-v0.2.2/sem/gortex-DevCouncil/benchmarks/results/competition/20260912-52d63a1a/artifact-sha256.json",
      "file_path": "devcouncil-bench/benchmarks/results/competition/20260912-52d63a1a/artifact-sha256.json",
      "id": "devcouncil-bench/benchmarks/results/competition/20260912-52d63a1a/artifact-sha256.json::impact-gitnexus-db_size_gate_bytes-1.stdout",
      "kind": "variable",
      "name": "impact-gitnexus-db_size_gate_bytes-1.stdout",
      "project_id": "devcouncil-bench",
      "repo_prefix": "devcouncil-bench",
      "start_line": 133,
      "workspace_id": "devcouncil-bench"
    },
    {
      "absolute_file_path": "/Users/bharath/Code/devtools/DevCouncil/.devcouncil/benchmarks/20260914-v0.2.2/sem/gortex-DevCouncil/benchmarks/results/competition/20260912-52d63a1a/artifact-sha256.json",
      "file_path": "devcouncil-bench/benchmarks/results/competition/20260912-52d63a1a/artifact-sha256.json",
      "id": "devcouncil-bench/benchmarks/results/competition/20260912-52d63a1a/artifact-sha256.json::impact-devmap-db_size_gate_bytes-2.stderr",
      "kind": "variable",
      "name": "impact-devmap-db_size_gate_bytes-2.stderr",
      "project_id": "devcouncil-bench",
      "repo_prefix": "devcouncil-bench",
      "start_line": 104,
      "workspace_id": "devcouncil-bench"
    },
    {
      "absolute_file_path": "/Users/bharath/Code/devtools/DevCouncil/.devcouncil/benchmarks/20260914-v0.2.2/sem/gortex-DevCouncil/benchmarks/results/competition/20260912-52d63a1a/artifact-sha256.json",
      "file_path": "devcouncil-bench/benchmarks/results/competition/20260912-52d63a1a/artifact-sha256.json",
      "id": "devcouncil-bench/benchmarks/results/competition/20260912-52d63a1a/artifact-sha256.json::impact-gitnexus-db_size_gate_bytes-2.stdout",
      "kind": "variable",
      "name": "impact-gitnexus-db_size_gate_bytes-2.stdout",
      "project_id": "devcouncil-bench",
      "repo_prefix": "devcouncil-bench",
      "start_line": 135,
      "workspace_id": "devcouncil-bench"
    },
    {
      "absolute_file_path": "/Users/bharath/Code/devtools/DevCouncil/.devcouncil/benchmarks/20260914-v0.2.2/sem/gortex-DevCouncil/benchmarks/results/competition/20260912-52d63a1a/artifact-sha256.json",
      "file_path": "devcouncil-bench/benchmarks/results/competition/20260912-52d63a1a/artifact-sha256.json",
      "id": "devcouncil-bench/benchmarks/results/competition/20260912-52d63a1a/artifact-sha256.json::impact-devmap-db_size_gate_bytes-4.stdout",
      "kind": "variable",
      "name": "impact-devmap-db_size_gate_bytes-4.stdout",
      "project_id": "devcouncil-bench",
      "repo_prefix": "devcouncil-bench",
      "start_line": 109,
      "workspace_id": "devcouncil-bench"
    },
    {
      "absolute_file_path": "/Users/bharath/Code/devtools/DevCouncil/.devcouncil/benchmarks/20260914-v0.2.2/sem/gortex-DevCouncil/benchmarks/results/competition/20260912-52d63a1a/artifact-sha256.json",
      "file_path": "devcouncil-bench/benchmarks/results/competition/20260912-52d63a1a/artifact-sha256.json",
      "id": "devcouncil-bench/benchmarks/results/competition/20260912-52d63a1a/artifact-sha256.json::impact-gitnexus-db_size_gate_bytes-1.stderr",
      "kind": "variable",
      "name": "impact-gitnexus-db_size_gate_bytes-1.stderr",
      "project_id": "devcouncil-bench",
      "repo_prefix": "devcouncil-bench",
      "start_line": 132,
      "workspace_id": "devcouncil-bench"
    },
    {
      "absolute_file_path": "/Users/bharath/Code/devtools/DevCouncil/.devcouncil/benchmarks/20260914-v0.2.2/sem/gortex-DevCouncil/benchmarks/results/competition/20260912-52d63a1a/artifact-sha256.json",
      "file_path": "devcouncil-bench/benchmarks/results/competition/20260912-52d63a1a/artifact-sha256.json",
      "id": "devcouncil-bench/benchmarks/results/competition/20260912-52d63a1a/artifact-sha256.json::impact-devmap-db_size_gate_bytes-3.stderr",
      "kind": "variable",
      "name": "impact-devmap-db_size_gate_bytes-3.stderr",
      "project_id": "devcouncil-bench",
      "repo_prefix": "devcouncil-bench",
      "start_line": 106,
      "workspace_id": "devcouncil-bench"
    },
    {
      "absolute_file_path": "/Users/bharath/Code/devtools/DevCouncil/.devcouncil/benchmarks/20260914-v0.2.2/sem/gortex-DevCouncil/benchmarks/results/competition/20260912-52d63a1a/artifact-sha256.json",
      "file_path": "devcouncil-bench/benchmarks/results/competition/20260912-52d63a1a/artifact-sha256.json",
      "id": "devcouncil-bench/benchmarks/results/competition/20260912-52d63a1a/artifact-sha256.json::impact-devmap-db_size_gate_bytes-5.stdout",
      "kind": "variable",
      "name": "impact-devmap-db_size_gate_bytes-5.stdout",
      "project_id": "devcouncil-bench",
      "repo_prefix": "devcouncil-bench",
      "start_line": 111,
      "workspace_id": "devcouncil-bench"
    },
    {
      "absolute_file_path": "/Users/bharath/Code/devtools/DevCouncil/.devcouncil/benchmarks/20260914-v0.2.2/sem/gortex-DevCouncil/benchmarks/results/competition/20260912-52d63a1a/artifact-sha256.json",
      "file_path": "devcouncil-bench/benchmarks/results/competition/20260912-52d63a1a/artifact-sha256.json",
      "id": "devcouncil-bench/benchmarks/results/competition/20260912-52d63a1a/artifact-sha256.json::impact-gitnexus-db_size_gate_bytes-3.stdout",
      "kind": "variable",
      "name": "impact-gitnexus-db_size_gate_bytes-3.stdout",
      "project_id": "devcouncil-bench",
      "repo_prefix": "devcouncil-bench",
      "start_line": 137,
      "workspace_id": "devcouncil-bench"
    },
    {
      "absolute_file_path": "/Users/bharath/Code/devtools/DevCouncil/.devcouncil/benchmarks/20260914-v0.2.2/sem/gortex-DevCouncil/benchmarks/results/competition/20260912-52d63a1a/artifact-sha256.json",
      "file_path": "devcouncil-bench/benchmarks/results/competition/20260912-52d63a1a/artifact-sha256.json",
      "id": "devcouncil-bench/benchmarks/results/competition/20260912-52d63a1a/artifact-sha256.json::impact-gitnexus-db_size_gate_bytes-2.stderr",
      "kind": "variable",
      "name": "impact-gitnexus-db_size_gate_bytes-2.stderr",
      "project_id": "devcouncil-bench",
      "repo_prefix": "devcouncil-bench",
      "start_line": 134,
      "workspace_id": "devcouncil-bench"
    },
    {
      "absolute_file_path": "/Users/bharath/Code/devtools/DevCouncil/.devcouncil/benchmarks/20260914-v0.2.2/sem/gortex-DevCouncil/benchmarks/results/competition/20260912-52d63a1a/artifact-sha256.json",
      "file_path": "devcouncil-bench/benchmarks/results/competition/20260912-52d63a1a/artifact-sha256.json",
      "id": "devcouncil-bench/benchmarks/results/competition/20260912-52d63a1a/artifact-sha256.json::impact-devmap-db_size_gate_bytes-4.stderr",
      "kind": "variable",
      "name": "impact-devmap-db_size_gate_bytes-4.stderr",
      "project_id": "devcouncil-bench",
      "repo_prefix": "devcouncil-bench",
      "start_line": 108,
      "workspace_id": "devcouncil-bench"
    },
    {
      "absolute_file_path": "/Users/bharath/Code/devtools/DevCouncil/.devcouncil/benchmarks/20260914-v0.2.2/sem/gortex-DevCouncil/benchmarks/results/competition/20260912-52d63a1a/artifact-sha256.json",
      "file_path": "devcouncil-bench/benchmarks/results/competition/20260912-52d63a1a/artifact-sha256.json",
      "id": "devcouncil-bench/benchmarks/results/competition/20260912-52d63a1a/artifact-sha256.json::impact-gitnexus-db_size_gate_bytes-4.stdout",
      "kind": "variable",
      "name": "impact-gitnexus-db_size_gate_bytes-4.stdout",
      "project_id": "devcouncil-bench",
      "repo_prefix": "devcouncil-bench",
      "start_line": 139,
      "workspace_id": "devcouncil-bench"
    },
    {
      "absolute_file_path": "/Users/bharath/Code/devtools/DevCouncil/.devcouncil/benchmarks/20260914-v0.2.2/sem/gortex-DevCouncil/benchmarks/results/competition/20260912-52d63a1a/artifact-sha256.json",
      "file_path": "devcouncil-bench/benchmarks/results/competition/20260912-52d63a1a/artifact-sha256.json",
      "id": "devcouncil-bench/benchmarks/results/competition/20260912-52d63a1a/artifact-sha256.json::impact-gitnexus-db_size_gate_bytes-5.stdout",
      "kind": "variable",
      "name": "impact-gitnexus-db_size_gate_bytes-5.stdout",
      "project_id": "devcouncil-bench",
      "repo_prefix": "devcouncil-bench",
      "start_line": 141,
      "workspace_id": "devcouncil-bench"
    },
    {
      "absolute_file_path": "/Users/bharath/Code/devtools/DevCouncil/.devcouncil/benchmarks/20260914-v0.2.2/sem/gortex-DevCouncil/benchmarks/results/competition/20260912-52d63a1a/artifact-sha256.json",
      "file_path": "devcouncil-bench/benchmarks/results/competition/20260912-52d63a1a/artifact-sha256.json",
      "id": "devcouncil-bench/benchmarks/results/competition/20260912-52d63a1a/artifact-sha256.json::pilot-gitnexus-search-db_size_gate_bytes.stdout",
      "kind": "variable",
      "name": "pilot-gitnexus-search-db_size_gate_bytes.stdout",
      "project_id": "devcouncil-bench",
      "repo_prefix": "devcouncil-bench",
      "start_line": 180,
      "workspace_id": "devcouncil-bench"
    },
    {
      "absolute_file_path": "/Users/bharath/Code/devtools/DevCouncil/.devcouncil/benchmarks/20260914-v0.2.2/sem/gortex-DevCouncil/benchmarks/results/competition/20260912-52d63a1a/artifact-sha256.json",
      "file_path": "devcouncil-bench/benchmarks/results/competition/20260912-52d63a1a/artifact-sha256.json",
      "id": "devcouncil-bench/benchmarks/results/competition/20260912-52d63a1a/artifact-sha256.json::impact-devmap-db_size_gate_bytes-5.stderr",
      "kind": "variable",
      "name": "impact-devmap-db_size_gate_bytes-5.stderr",
      "project_id": "devcouncil-bench",
      "repo_prefix": "devcouncil-bench",
      "start_line": 110,
      "workspace_id": "devcouncil-bench"
    },
    {
      "absolute_file_path": "/Users/bharath/Code/devtools/DevCouncil/.devcouncil/benchmarks/20260914-v0.2.2/sem/gortex-DevCouncil/benchmarks/results/competition/20260912-52d63a1a/artifact-sha256.json",
      "file_path": "devcouncil-bench/benchmarks/results/competition/20260912-52d63a1a/artifact-sha256.json",
      "id": "devcouncil-bench/benchmarks/results/competition/20260912-52d63a1a/artifact-sha256.json::impact-gitnexus-db_size_gate_bytes-3.stderr",
      "kind": "variable",
      "name": "impact-gitnexus-db_size_gate_bytes-3.stderr",
      "project_id": "devcouncil-bench",
      "repo_prefix": "devcouncil-bench",
      "start_line": 136,
      "workspace_id": "devcouncil-bench"
    },
    {
      "absolute_file_path": "/Users/bharath/Code/devtools/DevCouncil/.devcouncil/benchmarks/20260914-v0.2.2/sem/gortex-DevCouncil/benchmarks/results/competition/20260912-52d63a1a/artifact-sha256.json",
      "file_path": "devcouncil-bench/benchmarks/results/competition/20260912-52d63a1a/artifact-sha256.json",
      "id": "devcouncil-bench/benchmarks/results/competition/20260912-52d63a1a/artifact-sha256.json::impact-gitnexus-db_size_gate_bytes-4.stderr",
      "kind": "variable",
      "name": "impact-gitnexus-db_size_gate_bytes-4.stderr",
      "project_id": "devcouncil-bench",
      "repo_prefix": "devcouncil-bench",
      "start_line": 138,
      "workspace_id": "devcouncil-bench"
    },
    {
      "absolute_file_path": "/Users/bharath/Code/devtools/DevCouncil/.devcouncil/benchmarks/20260914-v0.2.2/sem/gortex-DevCouncil/benchmarks/results/competition/20260912-52d63a1a/artifact-sha256.json",
      "file_path": "devcouncil-bench/benchmarks/results/competition/20260912-52d63a1a/artifact-sha256.json",
      "id": "devcouncil-bench/benchmarks/results/competition/20260912-52d63a1a/artifact-sha256.json::impact-gitnexus-db_size_gate_bytes-5.stderr",
      "kind": "variable",
      "name": "impact-gitnexus-db_size_gate_bytes-5.stderr",
      "project_id": "devcouncil-bench",
      "repo_prefix": "devcouncil-bench",
      "start_line": 140,
      "workspace_id": "devcouncil-bench"
    },
    {
      "absolute_file_path": "/Users/bharath/Code/devtools/DevCouncil/.devcouncil/benchmarks/20260914-v0.2.2/sem/gortex-DevCouncil/benchmarks/results/competition/20260912-52d63a1a/artifact-sha256.json",
      "file_path": "devcouncil-bench/benchmarks/results/competition/20260912-52d63a1a/artifact-sha256.json",
      "id": "devcouncil-bench/benchmarks/results/competition/20260912-52d63a1a/artifact-sha256.json::pilot-gitnexus-search-db_size_gate_bytes.stderr",
      "kind": "variable",
      "name": "pilot-gitnexus-search-db_size_gate_bytes.stderr",
      "project_id": "devcouncil-bench",
      "repo_prefix": "devcouncil-bench",
      "start_line": 179,
      "workspace_id": "devcouncil-bench"
    },
    {
      "absolute_file_path": "/Users/bharath/Code/devtools/DevCouncil/.devcouncil/benchmarks/20260914-v0.2.2/sem/gortex-DevCouncil/benchmarks/results/competition/20260912-52d63a1a/artifact-sha256.json",
      "file_path": "devcouncil-bench/benchmarks/results/competition/20260912-52d63a1a/artifact-sha256.json",
      "id": "devcouncil-bench/benchmarks/results/competition/20260912-52d63a1a/artifact-sha256.json::pilot-devmap-search-db_size_gate_bytes.stdout",
      "kind": "variable",
      "name": "pilot-devmap-search-db_size_gate_bytes.stdout",
      "project_id": "devcouncil-bench",
      "repo_prefix": "devcouncil-bench",
      "start_line": 172,
      "workspace_id": "devcouncil-bench"
    },
    {
      "absolute_file_path": "/Users/bharath/Code/devtools/DevCouncil/.devcouncil/benchmarks/20260914-v0.2.2/sem/gortex-DevCouncil/benchmarks/results/competition/20260912-52d63a1a/artifact-sha256.json",
      "file_path": "devcouncil-bench/benchmarks/results/competition/20260912-52d63a1a/artifact-sha256.json",
      "id": "devcouncil-bench/benchmarks/results/competition/20260912-52d63a1a/artifact-sha256.json::search-ripgrep-db_size_gate_bytes-1.stdout",
      "kind": "variable",
      "name": "search-ripgrep-db_size_gate_bytes-1.stdout",
      "project_id": "devcouncil-bench",
      "repo_prefix": "devcouncil-bench",
      "start_line": 215,
      "workspace_id": "devcouncil-bench"
    },
    {
      "absolute_file_path": "/Users/bharath/Code/devtools/DevCouncil/.devcouncil/benchmarks/20260914-v0.2.2/sem/gortex-DevCouncil/benchmarks/results/competition/20260912-52d63a1a/artifact-sha256.json",
      "file_path": "devcouncil-bench/benchmarks/results/competition/20260912-52d63a1a/artifact-sha256.json",
      "id": "devcouncil-bench/benchmarks/results/competition/20260912-52d63a1a/artifact-sha256.json::search-ripgrep-db_size_gate_bytes-2.stdout",
      "kind": "variable",
      "name": "search-ripgrep-db_size_gate_bytes-2.stdout",
      "project_id": "devcouncil-bench",
      "repo_prefix": "devcouncil-bench",
      "start_line": 217,
      "workspace_id": "devcouncil-bench"
    },
    {
      "absolute_file_path": "/Users/bharath/Code/devtools/DevCouncil/.devcouncil/benchmarks/20260914-v0.2.2/sem/gortex-DevCouncil/benchmarks/results/competition/20260912-52d63a1a/artifact-sha256.json",
      "file_path": "devcouncil-bench/benchmarks/results/competition/20260912-52d63a1a/artifact-sha256.json",
      "id": "devcouncil-bench/benchmarks/results/competition/20260912-52d63a1a/artifact-sha256.json::pilot-devmap-search-db_size_gate_bytes.stderr",
      "kind": "variable",
      "name": "pilot-devmap-search-db_size_gate_bytes.stderr",
      "project_id": "devcouncil-bench",
      "repo_prefix": "devcouncil-bench",
      "start_line": 171,
      "workspace_id": "devcouncil-bench"
    },
    {
      "absolute_file_path": "/Users/bharath/Code/devtools/DevCouncil/.devcouncil/benchmarks/20260914-v0.2.2/sem/gortex-DevCouncil/benchmarks/results/competition/20260912-52d63a1a/artifact-sha256.json",
      "file_path": "devcouncil-bench/benchmarks/results/competition/20260912-52d63a1a/artifact-sha256.json",
      "id": "devcouncil-bench/benchmarks/results/competition/20260912-52d63a1a/artifact-sha256.json::search-ripgrep-db_size_gate_bytes-3.stdout",
      "kind": "variable",
      "name": "search-ripgrep-db_size_gate_bytes-3.stdout",
      "project_id": "devcouncil-bench",
      "repo_prefix": "devcouncil-bench",
      "start_line": 219,
      "workspace_id": "devcouncil-bench"
    },
    {
      "absolute_file_path": "/Users/bharath/Code/devtools/DevCouncil/.devcouncil/benchmarks/20260914-v0.2.2/sem/gortex-DevCouncil/benchmarks/results/competition/20260912-52d63a1a/artifact-sha256.json",
      "file_path": "devcouncil-bench/benchmarks/results/competition/20260912-52d63a1a/artifact-sha256.json",
      "id": "devcouncil-bench/benchmarks/results/competition/20260912-52d63a1a/artifact-sha256.json::search-ripgrep-db_size_gate_bytes-4.stdout",
      "kind": "variable",
      "name": "search-ripgrep-db_size_gate_bytes-4.stdout",
      "project_id": "devcouncil-bench",
      "repo_prefix": "devcouncil-bench",
      "start_line": 221,
      "workspace_id": "devcouncil-bench"
    },
    {
      "absolute_file_path": "/Users/bharath/Code/devtools/DevCouncil/.devcouncil/benchmarks/20260914-v0.2.2/sem/gortex-DevCouncil/benchmarks/results/competition/20260912-52d63a1a/artifact-sha256.json",
      "file_path": "devcouncil-bench/benchmarks/results/competition/20260912-52d63a1a/artifact-sha256.json",
      "id": "devcouncil-bench/benchmarks/results/competition/20260912-52d63a1a/artifact-sha256.json::search-ripgrep-db_size_gate_bytes-1.stderr",
      "kind": "variable",
      "name": "search-ripgrep-db_size_gate_bytes-1.stderr",
      "project_id": "devcouncil-bench",
      "repo_prefix": "devcouncil-bench",
      "start_line": 214,
      "workspace_id": "devcouncil-bench"
    },
    {
      "absolute_file_path": "/Users/bharath/Code/devtools/DevCouncil/.devcouncil/benchmarks/20260914-v0.2.2/sem/gortex-DevCouncil/benchmarks/results/competition/20260912-52d63a1a/artifact-sha256.json",
      "file_path": "devcouncil-bench/benchmarks/results/competition/20260912-52d63a1a/artifact-sha256.json",
      "id": "devcouncil-bench/benchmarks/results/competition/20260912-52d63a1a/artifact-sha256.json::search-ripgrep-db_size_gate_bytes-2.stderr",
      "kind": "variable",
      "name": "search-ripgrep-db_size_gate_bytes-2.stderr",
      "project_id": "devcouncil-bench",
      "repo_prefix": "devcouncil-bench",
      "start_line": 216,
      "workspace_id": "devcouncil-bench"
    },
    {
      "absolute_file_path": "/Users/bharath/Code/devtools/DevCouncil/.devcouncil/benchmarks/20260914-v0.2.2/sem/gortex-DevCouncil/benchmarks/results/competition/20260912-52d63a1a/artifact-sha256.json",
      "file_path": "devcouncil-bench/benchmarks/results/competition/20260912-52d63a1a/artifact-sha256.json",
      "id": "devcouncil-bench/benchmarks/results/competition/20260912-52d63a1a/artifact-sha256.json::search-ripgrep-db_size_gate_bytes-5.stdout",
      "kind": "variable",
      "name": "search-ripgrep-db_size_gate_bytes-5.stdout",
      "project_id": "devcouncil-bench",
      "repo_prefix": "devcouncil-bench",
      "start_line": 223,
      "workspace_id": "devcouncil-bench"
    },
    {
      "absolute_file_path": "/Users/bharath/Code/devtools/DevCouncil/.devcouncil/benchmarks/20260914-v0.2.2/sem/gortex-DevCouncil/benchmarks/results/competition/20260912-52d63a1a/artifact-sha256.json",
      "file_path": "devcouncil-bench/benchmarks/results/competition/20260912-52d63a1a/artifact-sha256.json",
      "id": "devcouncil-bench/benchmarks/results/competition/20260912-52d63a1a/artifact-sha256.json::search-ripgrep-db_size_gate_bytes-3.stderr",
      "kind": "variable",
      "name": "search-ripgrep-db_size_gate_bytes-3.stderr",
      "project_id": "devcouncil-bench",
      "repo_prefix": "devcouncil-bench",
      "start_line": 218,
      "workspace_id": "devcouncil-bench"
    },
    {
      "absolute_file_path": "/Users/bharath/Code/devtools/DevCouncil/.devcouncil/benchmarks/20260914-v0.2.2/sem/gortex-DevCouncil/benchmarks/results/competition/20260912-52d63a1a/artifact-sha256.json",
      "file_path": "devcouncil-bench/benchmarks/results/competition/20260912-52d63a1a/artifact-sha256.json",
      "id": "devcouncil-bench/benchmarks/results/competition/20260912-52d63a1a/artifact-sha256.json::search-ripgrep-db_size_gate_bytes-4.stderr",
      "kind": "variable",
      "name": "search-ripgrep-db_size_gate_bytes-4.stderr",
      "project_id": "devcouncil-bench",
      "repo_prefix": "devcouncil-bench",
      "start_line": 220,
      "workspace_id": "devcouncil-bench"
    },
    {
      "absolute_file_path": "/Users/bharath/Code/devtools/DevCouncil/.devcouncil/benchmarks/20260914-v0.2.2/sem/gortex-DevCouncil/benchmarks/results/competition/20260912-52d63a1a/artifact-sha256.json",
      "file_path": "devcouncil-bench/benchmarks/results/competition/20260912-52d63a1a/artifact-sha256.json",
      "id": "devcouncil-bench/benchmarks/results/competition/20260912-52d63a1a/artifact-sha256.json::search-ripgrep-db_size_gate_bytes-5.stderr",
      "kind": "variable",
      "name": "search-ripgrep-db_size_gate_bytes-5.stderr",
      "project_id": "devcouncil-bench",
      "repo_prefix": "devcouncil-bench",
      "start_line": 222,
      "workspace_id": "devcouncil-bench"
    }
  ],
  "total": 55,
  "truncated": false
}
