  warning: 2 source file(s) produced zero nodes and are absent from the graph: pyproject.toml, Cargo.toml. A re-run will retry them (empties are no longer cached); if it persists, please report the file(s) (#1666).
  warning: 30 .sql file(s) contributed nothing to the graph because a dependency is missing: tree_sitter_sql not installed. Install it with: pip install "graphifyy[sql]" (#1745)
  warning: 6 .tf file(s) contributed nothing to the graph because a dependency is missing: tree_sitter_hcl not installed. Install it with: pip install "graphifyy[terraform]" (#1745)
  warning: 1 .hcl file(s) contributed nothing to the graph because a dependency is missing: tree_sitter_hcl not installed. Install it with: pip install "graphifyy[terraform]" (#1745)
       15.55 real        14.68 user         4.16 sys
           563920896  maximum resident set size
                   0  average shared memory size
                   0  average unshared data size
                   0  average unshared stack size
              163049  page reclaims
                 844  page faults
                   0  swaps
                   0  block input operations
                   0  block output operations
                   0  messages sent
                   0  messages received
                   0  signals received
                  29  voluntary context switches
              111685  involuntary context switches
        290982191941  instructions retired
         64461348763  cycles elapsed
           552748112  peak memory footprint
