{
  "edges": [
    {
      "confidence_label": "EXTRACTED",
      "file_path": "devcouncil-bench/rust/devmap-extract/src/model.rs",
      "from": "devcouncil-bench/rust/devmap-extract/src/model.rs::size_gate_constants_are_their_declared_magnitudes",
      "kind": "calls",
      "line": 1634,
      "origin": "ast_resolved",
      "tier": "ast",
      "to": "devcouncil-bench/rust/devmap-extract/src/model.rs::db_size_gate_bytes"
    },
    {
      "confidence_label": "EXTRACTED",
      "file_path": "devcouncil-bench/rust/devmap-extract/src/model.rs",
      "from": "devcouncil-bench/rust/devmap-extract/src/model.rs::size_gate_constants_are_their_declared_magnitudes",
      "kind": "calls",
      "line": 1639,
      "origin": "ast_resolved",
      "tier": "ast",
      "to": "devcouncil-bench/rust/devmap-extract/src/model.rs::db_size_gate_bytes"
    },
    {
      "confidence_label": "EXTRACTED",
      "file_path": "devcouncil-bench/rust/devmap-extract/src/model.rs",
      "from": "devcouncil-bench/rust/devmap-extract/src/model.rs::size_gate_constants_are_their_declared_magnitudes",
      "kind": "calls",
      "line": 1644,
      "origin": "ast_resolved",
      "tier": "ast",
      "to": "devcouncil-bench/rust/devmap-extract/src/model.rs::db_size_gate_bytes"
    },
    {
      "confidence_label": "EXTRACTED",
      "file_path": "devcouncil-bench/rust/devmap-extract/src/model.rs",
      "from": "devcouncil-bench/rust/devmap-extract/src/model.rs::size_gate_constants_are_their_declared_magnitudes",
      "kind": "calls",
      "line": 1649,
      "origin": "ast_resolved",
      "tier": "ast",
      "to": "devcouncil-bench/rust/devmap-extract/src/model.rs::db_size_gate_bytes"
    },
    {
      "confidence_label": "INFERRED",
      "file_path": "devcouncil-bench/rust/devmap-cli/tests/test_scholarlm_findings.rs",
      "from": "devcouncil-bench/rust/devmap-cli/tests/test_scholarlm_findings.rs::db_size_gate_scales_with_file_count_and_keeps_a_floor",
      "kind": "calls",
      "line": 781,
      "origin": "text_matched",
      "tier": "heuristic",
      "to": "devcouncil-bench/rust/devmap-extract/src/model.rs::db_size_gate_bytes"
    },
    {
      "confidence_label": "INFERRED",
      "file_path": "devcouncil-bench/rust/devmap-cli/tests/test_scholarlm_findings.rs",
      "from": "devcouncil-bench/rust/devmap-cli/tests/test_scholarlm_findings.rs::db_size_gate_scales_with_file_count_and_keeps_a_floor",
      "kind": "calls",
      "line": 783,
      "origin": "text_matched",
      "tier": "heuristic",
      "to": "devcouncil-bench/rust/devmap-extract/src/model.rs::db_size_gate_bytes"
    },
    {
      "confidence_label": "INFERRED",
      "file_path": "devcouncil-bench/rust/devmap-cli/tests/test_scholarlm_findings.rs",
      "from": "devcouncil-bench/rust/devmap-cli/tests/test_scholarlm_findings.rs::db_size_gate_scales_with_file_count_and_keeps_a_floor",
      "kind": "calls",
      "line": 788,
      "origin": "text_matched",
      "tier": "heuristic",
      "to": "devcouncil-bench/rust/devmap-extract/src/model.rs::db_size_gate_bytes"
    },
    {
      "confidence_label": "INFERRED",
      "file_path": "devcouncil-bench/rust/devmap-cli/tests/test_scholarlm_findings.rs",
      "from": "devcouncil-bench/rust/devmap-cli/tests/test_scholarlm_findings.rs::db_size_gate_scales_with_file_count_and_keeps_a_floor",
      "kind": "calls",
      "line": 792,
      "origin": "text_matched",
      "tier": "heuristic",
      "to": "devcouncil-bench/rust/devmap-extract/src/model.rs::db_size_gate_bytes"
    },
    {
      "confidence_label": "INFERRED",
      "file_path": "devcouncil-bench/rust/devmap-cli/tests/test_scholarlm_findings.rs",
      "from": "devcouncil-bench/rust/devmap-cli/tests/test_scholarlm_findings.rs::db_size_gate_scales_with_file_count_and_keeps_a_floor",
      "kind": "calls",
      "line": 794,
      "origin": "text_matched",
      "tier": "heuristic",
      "to": "devcouncil-bench/rust/devmap-extract/src/model.rs::db_size_gate_bytes"
    }
  ],
  "nodes": [
    {
      "absolute_file_path": "/Users/bharath/Code/devtools/DevCouncil/.devcouncil/benchmarks/20260912-expanded/gortex-corpus/rust/devmap-extract/src/model.rs",
      "end_line": 227,
      "fetched_at": "0001-01-01T00:00:00Z",
      "file_path": "devcouncil-bench/rust/devmap-extract/src/model.rs",
      "id": "devcouncil-bench/rust/devmap-extract/src/model.rs::db_size_gate_bytes",
      "kind": "function",
      "language": "rust",
      "name": "db_size_gate_bytes",
      "project_id": "devcouncil-bench",
      "repo_prefix": "devcouncil-bench",
      "start_line": 225,
      "workspace_id": "devcouncil-bench"
    },
    {
      "absolute_file_path": "/Users/bharath/Code/devtools/DevCouncil/.devcouncil/benchmarks/20260912-expanded/gortex-corpus/rust/devmap-extract/src/model.rs",
      "end_line": 1653,
      "fetched_at": "0001-01-01T00:00:00Z",
      "file_path": "devcouncil-bench/rust/devmap-extract/src/model.rs",
      "id": "devcouncil-bench/rust/devmap-extract/src/model.rs::size_gate_constants_are_their_declared_magnitudes",
      "kind": "function",
      "language": "rust",
      "name": "size_gate_constants_are_their_declared_magnitudes",
      "project_id": "devcouncil-bench",
      "repo_prefix": "devcouncil-bench",
      "start_line": 1620,
      "workspace_id": "devcouncil-bench"
    },
    {
      "absolute_file_path": "/Users/bharath/Code/devtools/DevCouncil/.devcouncil/benchmarks/20260912-expanded/gortex-corpus/rust/devmap-cli/tests/test_scholarlm_findings.rs",
      "end_line": 795,
      "fetched_at": "0001-01-01T00:00:00Z",
      "file_path": "devcouncil-bench/rust/devmap-cli/tests/test_scholarlm_findings.rs",
      "id": "devcouncil-bench/rust/devmap-cli/tests/test_scholarlm_findings.rs::db_size_gate_scales_with_file_count_and_keeps_a_floor",
      "kind": "function",
      "language": "rust",
      "name": "db_size_gate_scales_with_file_count_and_keeps_a_floor",
      "project_id": "devcouncil-bench",
      "repo_prefix": "devcouncil-bench",
      "start_line": 774,
      "workspace_id": "devcouncil-bench"
    }
  ],
  "total_edges": 9,
  "total_nodes": 3,
  "truncated": false
}
