  warning: 1 source file(s) produced zero nodes and are absent from the graph: Cargo.toml. A re-run will retry them (empties are no longer cached); if it persists, please report the file(s) (#1666).
  warning: 9 .sql file(s) contributed nothing to the graph because a dependency is missing: tree_sitter_sql not installed. Install it with: pip install "graphifyy[sql]" (#1745)
  warning: 2 .tf file(s) contributed nothing to the graph because a dependency is missing: tree_sitter_hcl not installed. Install it with: pip install "graphifyy[terraform]" (#1745)
        3.53 real         4.26 user         1.62 sys
           177946624  maximum resident set size
                   0  average shared memory size
                   0  average unshared data size
                   0  average unshared stack size
               78983  page reclaims
                  14  page faults
                   0  swaps
                   0  block input operations
                   0  block output operations
                   0  messages sent
                   0  messages received
                   0  signals received
                  30  voluntary context switches
               29822  involuntary context switches
         64870713361  instructions retired
         14609330638  cycles elapsed
           167248736  peak memory footprint
