  warning: 1 source file(s) produced zero nodes and are absent from the graph: Cargo.toml. A re-run will retry them (empties are no longer cached); if it persists, please report the file(s) (#1666).
  warning: 4 file(s) are classified as code but graphify has no AST extractor for their language, so they contributed nothing to the graph: .ets (2), .r (2). Please open an issue to request support for these (#1689).
  warning: 9 .sql file(s) contributed nothing to the graph because a dependency is missing: tree_sitter_sql not installed. Install it with: pip install "graphifyy[sql]" (#1745)
  warning: 2 .tf file(s) contributed nothing to the graph because a dependency is missing: tree_sitter_hcl not installed. Install it with: pip install "graphifyy[terraform]" (#1745)
  warning: 7 file(s) had syntax errors and may be partially extracted: rust/testdata/capabilities/probe.svelte (first error at line 1, 1 symbol(s) extracted), rust/testdata/fixtures/dead_hardening/svelte_runes/Counter.svelte (first error at line 1, no symbols extracted), rust/testdata/fixtures/languages/svelte/Main.svelte (first error at line 3, no symbols extracted), rust/testdata/fixtures/tier_a/invalid/broken.ts (first error at line 1, no symbols extracted), rust/vendor/grammars/cobol/tree_sitter/parser.h (first error at line 226, no symbols extracted) (+2 more)
       17.15 real        16.72 user         7.98 sys
          2299838464  maximum resident set size
                   0  average shared memory size
                   0  average unshared data size
                   0  average unshared stack size
             2376732  page reclaims
                  43  page faults
                   0  swaps
                   0  block input operations
                   0  block output operations
                   0  messages sent
                   0  messages received
                   0  signals received
                1633  voluntary context switches
               57753  involuntary context switches
        115267417606  instructions retired
         25272056293  cycles elapsed
           249315952  peak memory footprint
