  warning: 7 .sql file(s) contributed nothing to the graph because a dependency is missing: tree_sitter_sql not installed. Install it with: pip install "graphifyy[sql]" (#1745)
  warning: 149 file(s) had syntax errors and may be partially extracted: harness/CoverageHost.svelte (first error at line 1, 1 symbol(s) extracted), harness/DevmapHost.svelte (first error at line 1, 8 symbol(s) extracted), harness/DiagnosticsHost.svelte (first error at line 1, no symbols extracted), harness/LoopCanary.svelte (first error at line 1, no symbols extracted), harness/OnboardingHost.svelte (first error at line 4, 3 symbol(s) extracted) (+144 more)
       11.84 real        18.33 user         7.96 sys
           684785664  maximum resident set size
                   0  average shared memory size
                   0  average unshared data size
                   0  average unshared stack size
              331004  page reclaims
                  29  page faults
                   0  swaps
                   0  block input operations
                   0  block output operations
                   0  messages sent
                   0  messages received
                   0  signals received
                2571  voluntary context switches
               82943  involuntary context switches
        203851154442  instructions retired
         46345069340  cycles elapsed
           671531968  peak memory footprint
