  warning: 2 source file(s) produced zero nodes and are absent from the graph: pyproject.toml, Cargo.toml. A re-run will retry them (empties are no longer cached); if it persists, please report the file(s) (#1666).
  warning: 30 .sql file(s) contributed nothing to the graph because a dependency is missing: tree_sitter_sql not installed. Install it with: pip install "graphifyy[sql]" (#1745)
  warning: 6 .tf file(s) contributed nothing to the graph because a dependency is missing: tree_sitter_hcl not installed. Install it with: pip install "graphifyy[terraform]" (#1745)
  warning: 1 .hcl file(s) contributed nothing to the graph because a dependency is missing: tree_sitter_hcl not installed. Install it with: pip install "graphifyy[terraform]" (#1745)
       13.77 real        12.76 user         3.77 sys
           559611904  maximum resident set size
                   0  average shared memory size
                   0  average unshared data size
                   0  average unshared stack size
              138362  page reclaims
                   8  page faults
                   0  swaps
                   0  block input operations
                   0  block output operations
                   0  messages sent
                   0  messages received
                   0  signals received
                  41  voluntary context switches
               88586  involuntary context switches
        300062331603  instructions retired
         59692536378  cycles elapsed
           548848432  peak memory footprint
