{
  "duration_ms": 734,
  "edge_count": 243158,
  "file_count": 1134,
  "full_retrack": false,
  "node_count": 34512,
  "result": {
    "derived_invalidation": {
      "files": [
        "devcouncil-bench/benchmarks/tasks.py"
      ],
      "flags": 1,
      "type_ids": [
        "devcouncil-bench/annotation::python::dataclass",
        "devcouncil-bench/benchmarks/tasks.py::Task"
      ]
    },
    "duration_ms": 734,
    "edge_count": 243158,
    "file_count": 1134,
    "node_count": 34512,
    "stale_file_count": 1
  },
  "scope": "repository",
  "stale_file_count": 1
}
