  warning: 1 source file(s) produced zero nodes and are absent from the graph: Cargo.toml. A re-run will retry them (empties are no longer cached); if it persists, please report the file(s) (#1666).
  warning: 9 .sql file(s) contributed nothing to the graph because a dependency is missing: tree_sitter_sql not installed. Install it with: pip install "graphifyy[sql]" (#1745)
  warning: 2 .tf file(s) contributed nothing to the graph because a dependency is missing: tree_sitter_hcl not installed. Install it with: pip install "graphifyy[terraform]" (#1745)
        4.92 real         4.81 user         2.18 sys
           181698560  maximum resident set size
                   0  average shared memory size
                   0  average unshared data size
                   0  average unshared stack size
               79518  page reclaims
                   8  page faults
                   0  swaps
                   0  block input operations
                   0  block output operations
                   0  messages sent
                   0  messages received
                   0  signals received
                  31  voluntary context switches
               34817  involuntary context switches
         66024331115  instructions retired
         18752657447  cycles elapsed
           171033416  peak memory footprint
